../Core/Src/main.c:137:8:calculateAverageVoltage	2
../Core/Src/main.c:135:5:main	3
../Core/Src/main.c:145:8:calculateCompensationCoefficient	1
../Core/Src/main.c:150:8:calculateTDS	1
../Core/Src/main.c:156:7:floatToParts	1
../Core/Src/main.c:268:6:SystemClock_Config	4
../Core/Src/main.c:311:13:MX_ADC1_Init	3
../Core/Src/main.c:355:13:MX_TIM2_Init	4
../Core/Src/main.c:397:13:MX_USART1_UART_Init	2
../Core/Src/main.c:428:13:MX_USART3_UART_Init	2
../Core/Src/main.c:459:13:MX_GPIO_Init	1
../Core/Src/main.c:473:6:HAL_TIM_PeriodElapsedCallback	114
../Core/Src/main.c:802:6:HAL_UART_RxCpltCallback	31
../Core/Src/main.c:1006:6:Error_Handler	1
