Archive member included to satisfy reference by file (symbol)

/home/flashdato/.eclipse/com.st.stm32cube.ide.mcu.rcp.product_1.13.1_139062292_linux_gtk_x86_64/plugins/com.st.stm32cube.ide.mcu.externaltools.gnu-tools-for-stm32.11.3.rel1.linux64_1.1.1.202309131626/tools/bin/../lib/gcc/arm-none-eabi/11.3.1/../../../../arm-none-eabi/lib/thumb/v7-m/nofp/libc_nano.a(libc_a-atoi.o)
                              ./Core/Src/main.o (atoi)
/home/flashdato/.eclipse/com.st.stm32cube.ide.mcu.rcp.product_1.13.1_139062292_linux_gtk_x86_64/plugins/com.st.stm32cube.ide.mcu.externaltools.gnu-tools-for-stm32.11.3.rel1.linux64_1.1.1.202309131626/tools/bin/../lib/gcc/arm-none-eabi/11.3.1/../../../../arm-none-eabi/lib/thumb/v7-m/nofp/libc_nano.a(libc_a-exit.o)
                              /home/flashdato/.eclipse/com.st.stm32cube.ide.mcu.rcp.product_1.13.1_139062292_linux_gtk_x86_64/plugins/com.st.stm32cube.ide.mcu.externaltools.gnu-tools-for-stm32.11.3.rel1.linux64_1.1.1.202309131626/tools/bin/../lib/gcc/arm-none-eabi/11.3.1/../../../../arm-none-eabi/lib/thumb/v7-m/nofp/crt0.o (exit)
/home/flashdato/.eclipse/com.st.stm32cube.ide.mcu.rcp.product_1.13.1_139062292_linux_gtk_x86_64/plugins/com.st.stm32cube.ide.mcu.externaltools.gnu-tools-for-stm32.11.3.rel1.linux64_1.1.1.202309131626/tools/bin/../lib/gcc/arm-none-eabi/11.3.1/../../../../arm-none-eabi/lib/thumb/v7-m/nofp/libc_nano.a(libc_a-strtol.o)
                              /home/flashdato/.eclipse/com.st.stm32cube.ide.mcu.rcp.product_1.13.1_139062292_linux_gtk_x86_64/plugins/com.st.stm32cube.ide.mcu.externaltools.gnu-tools-for-stm32.11.3.rel1.linux64_1.1.1.202309131626/tools/bin/../lib/gcc/arm-none-eabi/11.3.1/../../../../arm-none-eabi/lib/thumb/v7-m/nofp/libc_nano.a(libc_a-atoi.o) (_strtol_r)
/home/flashdato/.eclipse/com.st.stm32cube.ide.mcu.rcp.product_1.13.1_139062292_linux_gtk_x86_64/plugins/com.st.stm32cube.ide.mcu.externaltools.gnu-tools-for-stm32.11.3.rel1.linux64_1.1.1.202309131626/tools/bin/../lib/gcc/arm-none-eabi/11.3.1/../../../../arm-none-eabi/lib/thumb/v7-m/nofp/libc_nano.a(libc_a-ctype_.o)
                              /home/flashdato/.eclipse/com.st.stm32cube.ide.mcu.rcp.product_1.13.1_139062292_linux_gtk_x86_64/plugins/com.st.stm32cube.ide.mcu.externaltools.gnu-tools-for-stm32.11.3.rel1.linux64_1.1.1.202309131626/tools/bin/../lib/gcc/arm-none-eabi/11.3.1/../../../../arm-none-eabi/lib/thumb/v7-m/nofp/libc_nano.a(libc_a-strtol.o) (_ctype_)
/home/flashdato/.eclipse/com.st.stm32cube.ide.mcu.rcp.product_1.13.1_139062292_linux_gtk_x86_64/plugins/com.st.stm32cube.ide.mcu.externaltools.gnu-tools-for-stm32.11.3.rel1.linux64_1.1.1.202309131626/tools/bin/../lib/gcc/arm-none-eabi/11.3.1/../../../../arm-none-eabi/lib/thumb/v7-m/nofp/libc_nano.a(libc_a-findfp.o)
                              /home/flashdato/.eclipse/com.st.stm32cube.ide.mcu.rcp.product_1.13.1_139062292_linux_gtk_x86_64/plugins/com.st.stm32cube.ide.mcu.externaltools.gnu-tools-for-stm32.11.3.rel1.linux64_1.1.1.202309131626/tools/bin/../lib/gcc/arm-none-eabi/11.3.1/../../../../arm-none-eabi/lib/thumb/v7-m/nofp/libc_nano.a(libc_a-exit.o) (__stdio_exit_handler)
/home/flashdato/.eclipse/com.st.stm32cube.ide.mcu.rcp.product_1.13.1_139062292_linux_gtk_x86_64/plugins/com.st.stm32cube.ide.mcu.externaltools.gnu-tools-for-stm32.11.3.rel1.linux64_1.1.1.202309131626/tools/bin/../lib/gcc/arm-none-eabi/11.3.1/../../../../arm-none-eabi/lib/thumb/v7-m/nofp/libc_nano.a(libc_a-fwalk.o)
                              /home/flashdato/.eclipse/com.st.stm32cube.ide.mcu.rcp.product_1.13.1_139062292_linux_gtk_x86_64/plugins/com.st.stm32cube.ide.mcu.externaltools.gnu-tools-for-stm32.11.3.rel1.linux64_1.1.1.202309131626/tools/bin/../lib/gcc/arm-none-eabi/11.3.1/../../../../arm-none-eabi/lib/thumb/v7-m/nofp/libc_nano.a(libc_a-findfp.o) (_fwalk_sglue)
/home/flashdato/.eclipse/com.st.stm32cube.ide.mcu.rcp.product_1.13.1_139062292_linux_gtk_x86_64/plugins/com.st.stm32cube.ide.mcu.externaltools.gnu-tools-for-stm32.11.3.rel1.linux64_1.1.1.202309131626/tools/bin/../lib/gcc/arm-none-eabi/11.3.1/../../../../arm-none-eabi/lib/thumb/v7-m/nofp/libc_nano.a(libc_a-sprintf.o)
                              ./Core/Src/main.o (sprintf)
/home/flashdato/.eclipse/com.st.stm32cube.ide.mcu.rcp.product_1.13.1_139062292_linux_gtk_x86_64/plugins/com.st.stm32cube.ide.mcu.externaltools.gnu-tools-for-stm32.11.3.rel1.linux64_1.1.1.202309131626/tools/bin/../lib/gcc/arm-none-eabi/11.3.1/../../../../arm-none-eabi/lib/thumb/v7-m/nofp/libc_nano.a(libc_a-stdio.o)
                              /home/flashdato/.eclipse/com.st.stm32cube.ide.mcu.rcp.product_1.13.1_139062292_linux_gtk_x86_64/plugins/com.st.stm32cube.ide.mcu.externaltools.gnu-tools-for-stm32.11.3.rel1.linux64_1.1.1.202309131626/tools/bin/../lib/gcc/arm-none-eabi/11.3.1/../../../../arm-none-eabi/lib/thumb/v7-m/nofp/libc_nano.a(libc_a-findfp.o) (__sread)
[...]
Memory Configuration

Name             Origin             Length             Attributes
RAM              0x0000000020000000 0x0000000000005000 xrw
FLASH            0x0000000008000000 0x0000000000010000 xr
*default*        0x0000000000000000 0xffffffffffffffff

Linker script and memory map

LOAD /home/flashdato/.eclipse/com.st.stm32cube.ide.mcu.rcp.product_1.13.1_139062292_linux_gtk_x86_64/plugins/com.st.stm32cube.ide.mcu.externaltools.gnu-tools-for-stm32.11.3.rel1.linux64_1.1.1.202309131626/tools/bin/../lib/gcc/arm-none-eabi/11.3.1/thumb/v7-m/nofp/crti.o
LOAD /home/flashdato/.eclipse/com.st.stm32cube.ide.mcu.rcp.product_1.13.1_139062292_linux_gtk_x86_64/plugins/com.st.stm32cube.ide.mcu.externaltools.gnu-tools-for-stm32.11.3.rel1.linux64_1.1.1.202309131626/tools/bin/../lib/gcc/arm-none-eabi/11.3.1/thumb/v7-m/nofp/crtbegin.o
LOAD /home/flashdato/.eclipse/com.st.stm32cube.ide.mcu.rcp.product_1.13.1_139062292_linux_gtk_x86_64/plugins/com.st.stm32cube.ide.mcu.externaltools.gnu-tools-for-stm32.11.3.rel1.linux64_1.1.1.202309131626/tools/bin/../lib/gcc/arm-none-eabi/11.3.1/../../../../arm-none-eabi/lib/thumb/v7-m/nofp/crt0.o
LOAD ./Core/Src/main.o
LOAD ./Core/Src/stm32f1xx_hal_msp.o
LOAD ./Core/Src/stm32f1xx_it.o
LOAD ./Core/Src/syscalls.o
LOAD ./Core/Src/sysmem.o
LOAD ./Core/Src/system_stm32f1xx.o
LOAD ./Core/Startup/startup_stm32f103c8tx.o
LOAD ./Drivers/STM32F1xx_HAL_Driver/Src/stm32f1xx_hal.o
LOAD ./Drivers/STM32F1xx_HAL_Driver/Src/stm32f1xx_hal_adc.o
LOAD ./Drivers/STM32F1xx_HAL_Driver/Src/stm32f1xx_hal_adc_ex.o
LOAD ./Drivers/STM32F1xx_HAL_Driver/Src/stm32f1xx_hal_cortex.o
LOAD ./Drivers/STM32F1xx_HAL_Driver/Src/stm32f1xx_hal_dma.o
LOAD ./Drivers/STM32F1xx_HAL_Driver/Src/stm32f1xx_hal_exti.o
LOAD ./Drivers/STM32F1xx_HAL_Driver/Src/stm32f1xx_hal_flash.o
LOAD ./Drivers/STM32F1xx_HAL_Driver/Src/stm32f1xx_hal_flash_ex.o
LOAD ./Drivers/STM32F1xx_HAL_Driver/Src/stm32f1xx_hal_gpio.o
LOAD ./Drivers/STM32F1xx_HAL_Driver/Src/stm32f1xx_hal_gpio_ex.o
LOAD ./Drivers/STM32F1xx_HAL_Driver/Src/stm32f1xx_hal_pwr.o
LOAD ./Drivers/STM32F1xx_HAL_Driver/Src/stm32f1xx_hal_rcc.o
LOAD ./Drivers/STM32F1xx_HAL_Driver/Src/stm32f1xx_hal_rcc_ex.o
LOAD ./Drivers/STM32F1xx_HAL_Driver/Src/stm32f1xx_hal_tim.o
LOAD ./Drivers/STM32F1xx_HAL_Driver/Src/stm32f1xx_hal_tim_ex.o
LOAD ./Drivers/STM32F1xx_HAL_Driver/Src/stm32f1xx_hal_uart.o
START GROUP
LOAD /home/flashdato/.eclipse/com.st.stm32cube.ide.mcu.rcp.product_1.13.1_139062292_linux_gtk_x86_64/plugins/com.st.stm32cube.ide.mcu.externaltools.gnu-tools-for-stm32.11.3.rel1.linux64_1.1.1.202309131626/tools/bin/../lib/gcc/arm-none-eabi/11.3.1/../../../../arm-none-eabi/lib/thumb/v7-m/nofp/libc_nano.a
LOAD /home/flashdato/.eclipse/com.st.stm32cube.ide.mcu.rcp.product_1.13.1_139062292_linux_gtk_x86_64/plugins/com.st.stm32cube.ide.mcu.externaltools.gnu-tools-for-stm32.11.3.rel1.linux64_1.1.1.202309131626/tools/bin/../lib/gcc/arm-none-eabi/11.3.1/../../../../arm-none-eabi/lib/thumb/v7-m/nofp/libm.a
END GROUP
START GROUP
LOAD /home/flashdato/.eclipse/com.st.stm32cube.ide.mcu.rcp.product_1.13.1_139062292_linux_gtk_x86_64/plugins/com.st.stm32cube.ide.mcu.externaltools.gnu-tools-for-stm32.11.3.rel1.linux64_1.1.1.202309131626/tools/bin/../lib/gcc/arm-none-eabi/11.3.1/thumb/v7-m/nofp/libgcc.a
LOAD /home/flashdato/.eclipse/com.st.stm32cube.ide.mcu.rcp.product_1.13.1_139062292_linux_gtk_x86_64/plugins/com.st.stm32cube.ide.mcu.externaltools.gnu-tools-for-stm32.11.3.rel1.linux64_1.1.1.202309131626/tools/bin/../lib/gcc/arm-none-eabi/11.3.1/../../../../arm-none-eabi/lib/thumb/v7-m/nofp/libc_nano.a
END GROUP
START GROUP
LOAD /home/flashdato/.eclipse/com.st.stm32cube.ide.mcu.rcp.product_1.13.1_139062292_linux_gtk_x86_64/plugins/com.st.stm32cube.ide.mcu.externaltools.gnu-tools-for-stm32.11.3.rel1.linux64_1.1.1.202309131626/tools/bin/../lib/gcc/arm-none-eabi/11.3.1/thumb/v7-m/nofp/libgcc.a
LOAD /home/flashdato/.eclipse/com.st.stm32cube.ide.mcu.rcp.product_1.13.1_139062292_linux_gtk_x86_64/plugins/com.st.stm32cube.ide.mcu.externaltools.gnu-tools-for-stm32.11.3.rel1.linux64_1.1.1.202309131626/tools/bin/../lib/gcc/arm-none-eabi/11.3.1/../../../../arm-none-eabi/lib/thumb/v7-m/nofp/libc_nano.a
LOAD /home/flashdato/.eclipse/com.st.stm32cube.ide.mcu.rcp.product_1.13.1_139062292_linux_gtk_x86_64/plugins/com.st.stm32cube.ide.mcu.externaltools.gnu-tools-for-stm32.11.3.rel1.linux64_1.1.1.202309131626/tools/bin/../lib/gcc/arm-none-eabi/11.3.1/../../../../arm-none-eabi/lib/thumb/v7-m/nofp/libnosys.a
END GROUP
START GROUP
LOAD /home/flashdato/.eclipse/com.st.stm32cube.ide.mcu.rcp.product_1.13.1_139062292_linux_gtk_x86_64/plugins/com.st.stm32cube.ide.mcu.externaltools.gnu-tools-for-stm32.11.3.rel1.linux64_1.1.1.202309131626/tools/bin/../lib/gcc/arm-none-eabi/11.3.1/thumb/v7-m/nofp/libgcc.a
LOAD /home/flashdato/.eclipse/com.st.stm32cube.ide.mcu.rcp.product_1.13.1_139062292_linux_gtk_x86_64/plugins/com.st.stm32cube.ide.mcu.externaltools.gnu-tools-for-stm32.11.3.rel1.linux64_1.1.1.202309131626/tools/bin/../lib/gcc/arm-none-eabi/11.3.1/../../../../arm-none-eabi/lib/thumb/v7-m/nofp/libc_nano.a
LOAD /home/flashdato/.eclipse/com.st.stm32cube.ide.mcu.rcp.product_1.13.1_139062292_linux_gtk_x86_64/plugins/com.st.stm32cube.ide.mcu.externaltools.gnu-tools-for-stm32.11.3.rel1.linux64_1.1.1.202309131626/tools/bin/../lib/gcc/arm-none-eabi/11.3.1/../../../../arm-none-eabi/lib/thumb/v7-m/nofp/libnosys.a
END GROUP
LOAD /home/flashdato/.eclipse/com.st.stm32cube.ide.mcu.rcp.product_1.13.1_139062292_linux_gtk_x86_64/plugins/com.st.stm32cube.ide.mcu.externaltools.gnu-tools-for-stm32.11.3.rel1.linux64_1.1.1.202309131626/tools/bin/../lib/gcc/arm-none-eabi/11.3.1/thumb/v7-m/nofp/crtend.o
LOAD /home/flashdato/.eclipse/com.st.stm32cube.ide.mcu.rcp.product_1.13.1_139062292_linux_gtk_x86_64/plugins/com.st.stm32cube.ide.mcu.externaltools.gnu-tools-for-stm32.11.3.rel1.linux64_1.1.1.202309131626/tools/bin/../lib/gcc/arm-none-eabi/11.3.1/thumb/v7-m/nofp/crtn.o
                0x0000000020005000                _estack = (ORIGIN (RAM) + LENGTH (RAM))
                0x0000000000000200                _Min_Heap_Size = 0x200
                0x0000000000000400                _Min_Stack_Size = 0x400

.isr_vector     0x0000000008000000      0x10c
                0x0000000008000000                . = ALIGN (0x4)
 *(.isr_vector)
 .isr_vector    0x0000000008000000      0x10c ./Core/Startup/startup_stm32f103c8tx.o
                0x0000000008000000                g_pfnVectors
                0x000000000800010c                . = ALIGN (0x4)

.text           0x0000000008000110     0x67a4
                0x0000000008000110                . = ALIGN (0x4)
 *(.text)
 .text          0x0000000008000110       0x40 /home/flashdato/.eclipse/com.st.stm32cube.ide.mcu.rcp.product_1.13.1_139062292_linux_gtk_x86_64/plugins/com.st.stm32cube.ide.mcu.externaltools.gnu-tools-for-stm32.11.3.rel1.linux64_1.1.1.202309131626/tools/bin/../lib/gcc/arm-none-eabi/11.3.1/thumb/v7-m/nofp/crtbegin.o
 .text          0x0000000008000150       0x10 /home/flashdato/.eclipse/com.st.stm32cube.ide.mcu.rcp.product_1.13.1_139062292_linux_gtk_x86_64/plugins/com.st.stm32cube.ide.mcu.externaltools.gnu-tools-for-stm32.11.3.rel1.linux64_1.1.1.202309131626/tools/bin/../lib/gcc/arm-none-eabi/11.3.1/../../../../arm-none-eabi/lib/thumb/v7-m/nofp/libc_nano.a(libc_a-strlen.o)
                0x0000000008000150                strlen
 .text          0x0000000008000160      0x378 /home/flashdato/.eclipse/com.st.stm32cube.ide.mcu.rcp.product_1.13.1_139062292_linux_gtk_x86_64/plugins/com.st.stm32cube.ide.mcu.externaltools.gnu-tools-for-stm32.11.3.rel1.linux64_1.1.1.202309131626/tools/bin/../lib/gcc/arm-none-eabi/11.3.1/thumb/v7-m/nofp/libgcc.a(_arm_addsubdf3.o)
                0x0000000008000160                __aeabi_drsub
                0x0000000008000168                __aeabi_dsub
                0x0000000008000168                __subdf3
                0x000000000800016c                __adddf3
                0x000000000800016c                __aeabi_dadd
                0x00000000080003e4                __aeabi_ui2d
                0x00000000080003e4                __floatunsidf
                0x0000000008000404                __floatsidf
                0x0000000008000404                __aeabi_i2d
                0x0000000008000428                __extendsfdf2
                0x0000000008000428                __aeabi_f2d
                0x000000000800046c                __aeabi_ul2d
                0x000000000800046c                __floatundidf
                0x000000000800047c                __floatdidf
                0x000000000800047c                __aeabi_l2d
 .text          0x00000000080004d8      0x424 /home/flashdato/.eclipse/com.st.stm32cube.ide.mcu.rcp.product_1.13.1_139062292_linux_gtk_x86_64/plugins/com.st.stm32cube.ide.mcu.externaltools.gnu-tools-for-stm32.11.3.rel1.linux64_1.1.1.202309131626/tools/bin/../lib/gcc/arm-none-eabi/11.3.1/thumb/v7-m/nofp/libgcc.a(_arm_muldivdf3.o)
                0x00000000080004d8                __aeabi_dmul
                0x00000000080004d8                __muldf3
                0x000000000800072c                __aeabi_ddiv
                0x000000000800072c                __divdf3
 .text          0x00000000080008fc      0x110 /home/flashdato/.eclipse/com.st.stm32cube.ide.mcu.rcp.product_1.13.1_139062292_linux_gtk_x86_64/plugins/com.st.stm32cube.ide.mcu.externaltools.gnu-tools-for-stm32.11.3.rel1.linux64_1.1.1.202309131626/tools/bin/../lib/gcc/arm-none-eabi/11.3.1/thumb/v7-m/nofp/libgcc.a(_arm_cmpdf2.o)
                0x00000000080008fc                __gtdf2
                0x00000000080008fc                __gedf2
                0x0000000008000904                __ltdf2
                0x0000000008000904                __ledf2
                0x000000000800090c                __cmpdf2
                0x000000000800090c                __eqdf2
                0x000000000800090c                __nedf2
                0x0000000008000988                __aeabi_cdrcmple
                0x0000000008000998                __aeabi_cdcmple
                0x0000000008000998                __aeabi_cdcmpeq
                0x00000000080009a8                __aeabi_dcmpeq
                0x00000000080009bc                __aeabi_dcmplt
                0x00000000080009d0                __aeabi_dcmple
                0x00000000080009e4                __aeabi_dcmpge
                0x00000000080009f8                __aeabi_dcmpgt
 .text          0x0000000008000a0c       0x50 /home/flashdato/.eclipse/com.st.stm32cube.ide.mcu.rcp.product_1.13.1_139062292_linux_gtk_x86_64/plugins/com.st.stm32cube.ide.mcu.externaltools.gnu-tools-for-stm32.11.3.rel1.linux64_1.1.1.202309131626/tools/bin/../lib/gcc/arm-none-eabi/11.3.1/thumb/v7-m/nofp/libgcc.a(_arm_fixdfsi.o)
                0x0000000008000a0c                __fixdfsi
                0x0000000008000a0c                __aeabi_d2iz
 .text          0x0000000008000a5c       0xa0 /home/flashdato/.eclipse/com.st.stm32cube.ide.mcu.rcp.product_1.13.1_139062292_linux_gtk_x86_64/plugins/com.st.stm32cube.ide.mcu.externaltools.gnu-tools-for-stm32.11.3.rel1.linux64_1.1.1.202309131626/tools/bin/../lib/gcc/arm-none-eabi/11.3.1/thumb/v7-m/nofp/libgcc.a(_arm_truncdfsf2.o)
                0x0000000008000a5c                __aeabi_d2f
                0x0000000008000a5c                __truncdfsf2
 .text          0x0000000008000afc      0x21c /home/flashdato/.eclipse/com.st.stm32cube.ide.mcu.rcp.product_1.13.1_139062292_linux_gtk_x86_64/plugins/com.st.stm32cube.ide.mcu.externaltools.gnu-tools-for-stm32.11.3.rel1.linux64_1.1.1.202309131626/tools/bin/../lib/gcc/arm-none-eabi/11.3.1/thumb/v7-m/nofp/libgcc.a(_arm_addsubsf3.o)
                0x0000000008000afc                __aeabi_frsub
                0x0000000008000b04                __subsf3
                0x0000000008000b04                __aeabi_fsub
                0x0000000008000b08                __aeabi_fadd
                0x0000000008000b08                __addsf3
                0x0000000008000c68                __aeabi_ui2f
                0x0000000008000c68                __floatunsisf
                0x0000000008000c70                __aeabi_i2f
                0x0000000008000c70                __floatsisf
                0x0000000008000c8c                __floatundisf
                0x0000000008000c8c                __aeabi_ul2f
                0x0000000008000c9c                __floatdisf
                0x0000000008000c9c                __aeabi_l2f
 .text          0x0000000008000d18      0x2a0 /home/flashdato/.eclipse/com.st.stm32cube.ide.mcu.rcp.product_1.13.1_139062292_linux_gtk_x86_64/plugins/com.st.stm32cube.ide.mcu.externaltools.gnu-tools-for-stm32.11.3.rel1.linux64_1.1.1.202309131626/tools/bin/../lib/gcc/arm-none-eabi/11.3.1/thumb/v7-m/nofp/libgcc.a(_arm_muldivsf3.o)
                0x0000000008000d18                __mulsf3
                0x0000000008000d18                __aeabi_fmul
                0x0000000008000e80                __divsf3
                0x0000000008000e80                __aeabi_fdiv
 .text          0x0000000008000fb8       0xec /home/flashdato/.eclipse/com.st.stm32cube.ide.mcu.rcp.product_1.13.1_139062292_linux_gtk_x86_64/plugins/com.st.stm32cube.ide.mcu.externaltools.gnu-tools-for-stm32.11.3.rel1.linux64_1.1.1.202309131626/tools/bin/../lib/gcc/arm-none-eabi/11.3.1/thumb/v7-m/nofp/libgcc.a(_arm_cmpsf2.o)
                0x0000000008000fb8                __gtsf2
                0x0000000008000fb8                __gesf2
                0x0000000008000fc0                __lesf2
                0x0000000008000fc0                __ltsf2
                0x0000000008000fc8                __nesf2
                0x0000000008000fc8                __eqsf2
                0x0000000008000fc8                __cmpsf2
                0x0000000008001028                __aeabi_cfrcmple
                0x0000000008001030                __aeabi_cfcmple
                0x0000000008001030                __aeabi_cfcmpeq
                0x0000000008001040                __aeabi_fcmpeq
                0x0000000008001054                __aeabi_fcmplt
                0x0000000008001068                __aeabi_fcmple
                0x000000000800107c                __aeabi_fcmpge
                0x0000000008001090                __aeabi_fcmpgt
 .text          0x00000000080010a4       0x4c /home/flashdato/.eclipse/com.st.stm32cube.ide.mcu.rcp.product_1.13.1_139062292_linux_gtk_x86_64/plugins/com.st.stm32cube.ide.mcu.externaltools.gnu-tools-for-stm32.11.3.rel1.linux64_1.1.1.202309131626/tools/bin/../lib/gcc/arm-none-eabi/11.3.1/thumb/v7-m/nofp/libgcc.a(_arm_fixsfsi.o)
                0x00000000080010a4                __fixsfsi
                0x00000000080010a4                __aeabi_f2iz
 *(.text*)
 .text.calculateAverageVoltage.0
                0x00000000080010f0       0x60 ./Core/Src/main.o
 .text.main     0x0000000008001150      0x22c ./Core/Src/main.o
                0x0000000008001150                main
 *fill*         0x000000000800137c        0x4 
 .text.calculateCompensationCoefficient.1
                0x0000000008001380       0x6c ./Core/Src/main.o
 *fill*         0x00000000080013ec        0x4 
 .text.calculateTDS.2
                0x00000000080013f0      0x128 ./Core/Src/main.o
 .text.floatToParts.3
                0x0000000008001518       0xa4 ./Core/Src/main.o
 .text.SystemClock_Config
                0x00000000080015bc       0xb6 ./Core/Src/main.o
                0x00000000080015bc                SystemClock_Config
 *fill*         0x0000000008001672        0x2 
 .text.MX_ADC1_Init
                0x0000000008001674       0x7c ./Core/Src/main.o
 .text.MX_TIM2_Init
                0x00000000080016f0       0x9c ./Core/Src/main.o
 .text.MX_USART1_UART_Init
                0x000000000800178c       0x54 ./Core/Src/main.o
 .text.MX_USART3_UART_Init
                0x00000000080017e0       0x54 ./Core/Src/main.o
 .text.MX_GPIO_Init
                0x0000000008001834       0x5c ./Core/Src/main.o
 .text.HAL_TIM_PeriodElapsedCallback
                0x0000000008001890      0xdfc ./Core/Src/main.o
                0x0000000008001890                HAL_TIM_PeriodElapsedCallback
 .text.HAL_UART_RxCpltCallback
                0x000000000800268c      0x384 ./Core/Src/main.o
                0x000000000800268c                HAL_UART_RxCpltCallback
 .text.Error_Handler
                0x0000000008002a10        0xa ./Core/Src/main.o
                0x0000000008002a10                Error_Handler
 *fill*         0x0000000008002a1a        0x2 
 .text.HAL_MspInit
                0x0000000008002a1c       0x64 ./Core/Src/stm32f1xx_hal_msp.o
                0x0000000008002a1c                HAL_MspInit
 .text.HAL_ADC_MspInit
                0x0000000008002a80       0x78 ./Core/Src/stm32f1xx_hal_msp.o
                0x0000000008002a80                HAL_ADC_MspInit
 .text.HAL_TIM_Base_MspInit
                0x0000000008002af8       0x48 ./Core/Src/stm32f1xx_hal_msp.o
                0x0000000008002af8                HAL_TIM_Base_MspInit
 .text.HAL_UART_MspInit
                0x0000000008002b40      0x130 ./Core/Src/stm32f1xx_hal_msp.o
                0x0000000008002b40                HAL_UART_MspInit
 .text.NMI_Handler
                0x0000000008002c70        0x6 ./Core/Src/stm32f1xx_it.o
                0x0000000008002c70                NMI_Handler
 .text.HardFault_Handler
                0x0000000008002c76        0x6 ./Core/Src/stm32f1xx_it.o
                0x0000000008002c76                HardFault_Handler
 .text.MemManage_Handler
                0x0000000008002c7c        0x6 ./Core/Src/stm32f1xx_it.o
                0x0000000008002c7c                MemManage_Handler
 .text.BusFault_Handler
                0x0000000008002c82        0x6 ./Core/Src/stm32f1xx_it.o
                0x0000000008002c82                BusFault_Handler
 .text.UsageFault_Handler
                0x0000000008002c88        0x6 ./Core/Src/stm32f1xx_it.o
                0x0000000008002c88                UsageFault_Handler
 .text.SVC_Handler
                0x0000000008002c8e        0xc ./Core/Src/stm32f1xx_it.o
                0x0000000008002c8e                SVC_Handler
 .text.DebugMon_Handler
                0x0000000008002c9a        0xc ./Core/Src/stm32f1xx_it.o
                0x0000000008002c9a                DebugMon_Handler
 .text.PendSV_Handler
                0x0000000008002ca6        0xc ./Core/Src/stm32f1xx_it.o
                0x0000000008002ca6                PendSV_Handler
 .text.SysTick_Handler
                0x0000000008002cb2        0xc ./Core/Src/stm32f1xx_it.o
                0x0000000008002cb2                SysTick_Handler
 *fill*         0x0000000008002cbe        0x2 
 .text.TIM2_IRQHandler
                0x0000000008002cc0       0x14 ./Core/Src/stm32f1xx_it.o
                0x0000000008002cc0                TIM2_IRQHandler
 .text.USART1_IRQHandler
                0x0000000008002cd4       0x14 ./Core/Src/stm32f1xx_it.o
                0x0000000008002cd4                USART1_IRQHandler
 .text.USART3_IRQHandler
                0x0000000008002ce8       0x14 ./Core/Src/stm32f1xx_it.o
                0x0000000008002ce8                USART3_IRQHandler
 .text._sbrk    0x0000000008002cfc       0x6c ./Core/Src/sysmem.o
                0x0000000008002cfc                _sbrk
 .text.SystemInit
                0x0000000008002d68        0xc ./Core/Src/system_stm32f1xx.o
                0x0000000008002d68                SystemInit
 .text.Reset_Handler
                0x0000000008002d74       0x48 ./Core/Startup/startup_stm32f103c8tx.o
                0x0000000008002d74                Reset_Handler
 .text.Default_Handler
                0x0000000008002dbc        0x2 ./Core/Startup/startup_stm32f103c8tx.o
                0x0000000008002dbc                RTC_Alarm_IRQHandler
                0x0000000008002dbc                EXTI2_IRQHandler
                0x0000000008002dbc                TIM1_CC_IRQHandler
                0x0000000008002dbc                PVD_IRQHandler
                0x0000000008002dbc                EXTI3_IRQHandler
                0x0000000008002dbc                EXTI0_IRQHandler
                0x0000000008002dbc                I2C2_EV_IRQHandler
                0x0000000008002dbc                ADC1_2_IRQHandler
                0x0000000008002dbc                SPI1_IRQHandler
                0x0000000008002dbc                TAMPER_IRQHandler
                0x0000000008002dbc                DMA1_Channel4_IRQHandler
                0x0000000008002dbc                RTC_IRQHandler
                0x0000000008002dbc                DMA1_Channel7_IRQHandler
                0x0000000008002dbc                CAN1_RX1_IRQHandler
                0x0000000008002dbc                TIM4_IRQHandler
                0x0000000008002dbc                I2C1_EV_IRQHandler
                0x0000000008002dbc                DMA1_Channel6_IRQHandler
                0x0000000008002dbc                TIM3_IRQHandler
                0x0000000008002dbc                RCC_IRQHandler
                0x0000000008002dbc                TIM1_TRG_COM_IRQHandler
                0x0000000008002dbc                DMA1_Channel1_IRQHandler
                0x0000000008002dbc                Default_Handler
                0x0000000008002dbc                EXTI15_10_IRQHandler
                0x0000000008002dbc                EXTI9_5_IRQHandler
                0x0000000008002dbc                SPI2_IRQHandler
                0x0000000008002dbc                DMA1_Channel5_IRQHandler
                0x0000000008002dbc                EXTI4_IRQHandler
                0x0000000008002dbc                USB_LP_CAN1_RX0_IRQHandler
                0x0000000008002dbc                USB_HP_CAN1_TX_IRQHandler
                0x0000000008002dbc                DMA1_Channel3_IRQHandler
                0x0000000008002dbc                TIM1_UP_IRQHandler
                0x0000000008002dbc                WWDG_IRQHandler
                0x0000000008002dbc                TIM1_BRK_IRQHandler
                0x0000000008002dbc                EXTI1_IRQHandler
                0x0000000008002dbc                USART2_IRQHandler
                0x0000000008002dbc                I2C2_ER_IRQHandler
                0x0000000008002dbc                DMA1_Channel2_IRQHandler
                0x0000000008002dbc                CAN1_SCE_IRQHandler
                0x0000000008002dbc                FLASH_IRQHandler
                0x0000000008002dbc                I2C1_ER_IRQHandler
                0x0000000008002dbc                USBWakeUp_IRQHandler
 *fill*         0x0000000008002dbe        0x2 
 .text.HAL_Init
                0x0000000008002dc0       0x2c ./Drivers/STM32F1xx_HAL_Driver/Src/stm32f1xx_hal.o
                0x0000000008002dc0                HAL_Init
 .text.HAL_InitTick
                0x0000000008002dec       0x60 ./Drivers/STM32F1xx_HAL_Driver/Src/stm32f1xx_hal.o
                0x0000000008002dec                HAL_InitTick
 .text.HAL_IncTick
                0x0000000008002e4c       0x24 ./Drivers/STM32F1xx_HAL_Driver/Src/stm32f1xx_hal.o
                0x0000000008002e4c                HAL_IncTick
 .text.HAL_GetTick
                0x0000000008002e70       0x14 ./Drivers/STM32F1xx_HAL_Driver/Src/stm32f1xx_hal.o
                0x0000000008002e70                HAL_GetTick
 .text.HAL_ADC_Init
                0x0000000008002e84      0x1b0 ./Drivers/STM32F1xx_HAL_Driver/Src/stm32f1xx_hal_adc.o
                0x0000000008002e84                HAL_ADC_Init
 .text.HAL_ADC_Start
                0x0000000008003034      0x15c ./Drivers/STM32F1xx_HAL_Driver/Src/stm32f1xx_hal_adc.o
                0x0000000008003034                HAL_ADC_Start
 .text.HAL_ADC_Stop
                0x0000000008003190       0x58 ./Drivers/STM32F1xx_HAL_Driver/Src/stm32f1xx_hal_adc.o
                0x0000000008003190                HAL_ADC_Stop
 .text.HAL_ADC_PollForConversion
                0x00000000080031e8      0x20c ./Drivers/STM32F1xx_HAL_Driver/Src/stm32f1xx_hal_adc.o
                0x00000000080031e8                HAL_ADC_PollForConversion
 .text.HAL_ADC_GetValue
                0x00000000080033f4       0x18 ./Drivers/STM32F1xx_HAL_Driver/Src/stm32f1xx_hal_adc.o
                0x00000000080033f4                HAL_ADC_GetValue
 .text.HAL_ADC_ConfigChannel
                0x000000000800340c      0x1f0 ./Drivers/STM32F1xx_HAL_Driver/Src/stm32f1xx_hal_adc.o
                0x000000000800340c                HAL_ADC_ConfigChannel
 .text.ADC_Enable
                0x00000000080035fc       0xb4 ./Drivers/STM32F1xx_HAL_Driver/Src/stm32f1xx_hal_adc.o
                0x00000000080035fc                ADC_Enable
 .text.ADC_ConversionStop_Disable
                0x00000000080036b0       0x82 ./Drivers/STM32F1xx_HAL_Driver/Src/stm32f1xx_hal_adc.o
                0x00000000080036b0                ADC_ConversionStop_Disable
 *fill*         0x0000000008003732        0x2 
 .text.__NVIC_SetPriorityGrouping
                0x0000000008003734       0x48 ./Drivers/STM32F1xx_HAL_Driver/Src/stm32f1xx_hal_cortex.o
 .text.__NVIC_GetPriorityGrouping
                0x000000000800377c       0x1c ./Drivers/STM32F1xx_HAL_Driver/Src/stm32f1xx_hal_cortex.o
 .text.__NVIC_EnableIRQ
                0x0000000008003798       0x38 ./Drivers/STM32F1xx_HAL_Driver/Src/stm32f1xx_hal_cortex.o
 .text.__NVIC_SetPriority
                0x00000000080037d0       0x54 ./Drivers/STM32F1xx_HAL_Driver/Src/stm32f1xx_hal_cortex.o
 .text.NVIC_EncodePriority
                0x0000000008003824       0x64 ./Drivers/STM32F1xx_HAL_Driver/Src/stm32f1xx_hal_cortex.o
 .text.SysTick_Config
                0x0000000008003888       0x44 ./Drivers/STM32F1xx_HAL_Driver/Src/stm32f1xx_hal_cortex.o
 .text.HAL_NVIC_SetPriorityGrouping
                0x00000000080038cc       0x16 ./Drivers/STM32F1xx_HAL_Driver/Src/stm32f1xx_hal_cortex.o
                0x00000000080038cc                HAL_NVIC_SetPriorityGrouping
 .text.HAL_NVIC_SetPriority
                0x00000000080038e2       0x38 ./Drivers/STM32F1xx_HAL_Driver/Src/stm32f1xx_hal_cortex.o
                0x00000000080038e2                HAL_NVIC_SetPriority
 .text.HAL_NVIC_EnableIRQ
                0x000000000800391a       0x1c ./Drivers/STM32F1xx_HAL_Driver/Src/stm32f1xx_hal_cortex.o
                0x000000000800391a                HAL_NVIC_EnableIRQ
 .text.HAL_SYSTICK_Config
                0x0000000008003936       0x18 ./Drivers/STM32F1xx_HAL_Driver/Src/stm32f1xx_hal_cortex.o
                0x0000000008003936                HAL_SYSTICK_Config
 .text.HAL_DMA_Abort
                0x000000000800394e       0x76 ./Drivers/STM32F1xx_HAL_Driver/Src/stm32f1xx_hal_dma.o
                0x000000000800394e                HAL_DMA_Abort
 .text.HAL_DMA_Abort_IT
                0x00000000080039c4       0xf0 ./Drivers/STM32F1xx_HAL_Driver/Src/stm32f1xx_hal_dma.o
                0x00000000080039c4                HAL_DMA_Abort_IT
 .text.HAL_GPIO_Init
                0x0000000008003ab4      0x308 ./Drivers/STM32F1xx_HAL_Driver/Src/stm32f1xx_hal_gpio.o
                0x0000000008003ab4                HAL_GPIO_Init
 .text.HAL_RCC_OscConfig
                0x0000000008003dbc      0x504 ./Drivers/STM32F1xx_HAL_Driver/Src/stm32f1xx_hal_rcc.o
                0x0000000008003dbc                HAL_RCC_OscConfig
 .text.HAL_RCC_ClockConfig
                0x00000000080042c0      0x1d4 ./Drivers/STM32F1xx_HAL_Driver/Src/stm32f1xx_hal_rcc.o
                0x00000000080042c0                HAL_RCC_ClockConfig
 .text.HAL_RCC_GetSysClockFreq
                0x0000000008004494       0xa8 ./Drivers/STM32F1xx_HAL_Driver/Src/stm32f1xx_hal_rcc.o
                0x0000000008004494                HAL_RCC_GetSysClockFreq
 .text.HAL_RCC_GetHCLKFreq
                0x000000000800453c       0x14 ./Drivers/STM32F1xx_HAL_Driver/Src/stm32f1xx_hal_rcc.o
                0x000000000800453c                HAL_RCC_GetHCLKFreq
 .text.HAL_RCC_GetPCLK1Freq
                0x0000000008004550       0x28 ./Drivers/STM32F1xx_HAL_Driver/Src/stm32f1xx_hal_rcc.o
                0x0000000008004550                HAL_RCC_GetPCLK1Freq
 .text.HAL_RCC_GetPCLK2Freq
                0x0000000008004578       0x28 ./Drivers/STM32F1xx_HAL_Driver/Src/stm32f1xx_hal_rcc.o
                0x0000000008004578                HAL_RCC_GetPCLK2Freq
 .text.RCC_Delay
                0x00000000080045a0       0x3c ./Drivers/STM32F1xx_HAL_Driver/Src/stm32f1xx_hal_rcc.o
 .text.HAL_RCCEx_PeriphCLKConfig
                0x00000000080045dc      0x16c ./Drivers/STM32F1xx_HAL_Driver/Src/stm32f1xx_hal_rcc_ex.o
                0x00000000080045dc                HAL_RCCEx_PeriphCLKConfig
 .text.HAL_RCCEx_GetPeriphCLKFreq
                0x0000000008004748      0x16c ./Drivers/STM32F1xx_HAL_Driver/Src/stm32f1xx_hal_rcc_ex.o
                0x0000000008004748                HAL_RCCEx_GetPeriphCLKFreq
 .text.HAL_TIM_Base_Init
                0x00000000080048b4       0x9e ./Drivers/STM32F1xx_HAL_Driver/Src/stm32f1xx_hal_tim.o
                0x00000000080048b4                HAL_TIM_Base_Init
 *fill*         0x0000000008004952        0x2 
 .text.HAL_TIM_Base_Start_IT
                0x0000000008004954       0xa4 ./Drivers/STM32F1xx_HAL_Driver/Src/stm32f1xx_hal_tim.o
                0x0000000008004954                HAL_TIM_Base_Start_IT
 .text.HAL_TIM_IRQHandler
                0x00000000080049f8      0x210 ./Drivers/STM32F1xx_HAL_Driver/Src/stm32f1xx_hal_tim.o
                0x00000000080049f8                HAL_TIM_IRQHandler
 .text.HAL_TIM_ConfigClockSource
                0x0000000008004c08      0x18e ./Drivers/STM32F1xx_HAL_Driver/Src/stm32f1xx_hal_tim.o
                0x0000000008004c08                HAL_TIM_ConfigClockSource
 .text.HAL_TIM_OC_DelayElapsedCallback
                0x0000000008004d96       0x12 ./Drivers/STM32F1xx_HAL_Driver/Src/stm32f1xx_hal_tim.o
                0x0000000008004d96                HAL_TIM_OC_DelayElapsedCallback
 .text.HAL_TIM_IC_CaptureCallback
                0x0000000008004da8       0x12 ./Drivers/STM32F1xx_HAL_Driver/Src/stm32f1xx_hal_tim.o
                0x0000000008004da8                HAL_TIM_IC_CaptureCallback
 .text.HAL_TIM_PWM_PulseFinishedCallback
                0x0000000008004dba       0x12 ./Drivers/STM32F1xx_HAL_Driver/Src/stm32f1xx_hal_tim.o
                0x0000000008004dba                HAL_TIM_PWM_PulseFinishedCallback
 .text.HAL_TIM_TriggerCallback
                0x0000000008004dcc       0x12 ./Drivers/STM32F1xx_HAL_Driver/Src/stm32f1xx_hal_tim.o
                0x0000000008004dcc                HAL_TIM_TriggerCallback
 *fill*         0x0000000008004dde        0x2 
 .text.TIM_Base_SetConfig
                0x0000000008004de0       0xc4 ./Drivers/STM32F1xx_HAL_Driver/Src/stm32f1xx_hal_tim.o
                0x0000000008004de0                TIM_Base_SetConfig
 .text.TIM_TI1_ConfigInputStage
                0x0000000008004ea4       0x5c ./Drivers/STM32F1xx_HAL_Driver/Src/stm32f1xx_hal_tim.o
 .text.TIM_TI2_ConfigInputStage
                0x0000000008004f00       0x5e ./Drivers/STM32F1xx_HAL_Driver/Src/stm32f1xx_hal_tim.o
 .text.TIM_ITRx_SetConfig
                0x0000000008004f5e       0x34 ./Drivers/STM32F1xx_HAL_Driver/Src/stm32f1xx_hal_tim.o
 .text.TIM_ETR_SetConfig
                0x0000000008004f92       0x3e ./Drivers/STM32F1xx_HAL_Driver/Src/stm32f1xx_hal_tim.o
                0x0000000008004f92                TIM_ETR_SetConfig
 .text.HAL_TIMEx_MasterConfigSynchronization
                0x0000000008004fd0       0xbc ./Drivers/STM32F1xx_HAL_Driver/Src/stm32f1xx_hal_tim_ex.o
                0x0000000008004fd0                HAL_TIMEx_MasterConfigSynchronization
 .text.HAL_TIMEx_CommutCallback
                0x000000000800508c       0x12 ./Drivers/STM32F1xx_HAL_Driver/Src/stm32f1xx_hal_tim_ex.o
                0x000000000800508c                HAL_TIMEx_CommutCallback
 .text.HAL_TIMEx_BreakCallback
                0x000000000800509e       0x12 ./Drivers/STM32F1xx_HAL_Driver/Src/stm32f1xx_hal_tim_ex.o
                0x000000000800509e                HAL_TIMEx_BreakCallback
 .text.HAL_UART_Init
                0x00000000080050b0       0xa0 ./Drivers/STM32F1xx_HAL_Driver/Src/stm32f1xx_hal_uart.o
                0x00000000080050b0                HAL_UART_Init
 .text.HAL_UART_Transmit
                0x0000000008005150      0x106 ./Drivers/STM32F1xx_HAL_Driver/Src/stm32f1xx_hal_uart.o
                0x0000000008005150                HAL_UART_Transmit
 .text.HAL_UART_Receive_IT
                0x0000000008005256       0x4a ./Drivers/STM32F1xx_HAL_Driver/Src/stm32f1xx_hal_uart.o
                0x0000000008005256                HAL_UART_Receive_IT
 .text.HAL_UART_IRQHandler
                0x00000000080052a0      0x524 ./Drivers/STM32F1xx_HAL_Driver/Src/stm32f1xx_hal_uart.o
                0x00000000080052a0                HAL_UART_IRQHandler
 .text.HAL_UART_TxCpltCallback
                0x00000000080057c4       0x12 ./Drivers/STM32F1xx_HAL_Driver/Src/stm32f1xx_hal_uart.o
                0x00000000080057c4                HAL_UART_TxCpltCallback
 .text.HAL_UART_ErrorCallback
                0x00000000080057d6       0x12 ./Drivers/STM32F1xx_HAL_Driver/Src/stm32f1xx_hal_uart.o
                0x00000000080057d6                HAL_UART_ErrorCallback
 .text.HAL_UARTEx_RxEventCallback
                0x00000000080057e8       0x16 ./Drivers/STM32F1xx_HAL_Driver/Src/stm32f1xx_hal_uart.o
                0x00000000080057e8                HAL_UARTEx_RxEventCallback
 .text.UART_WaitOnFlagUntilTimeout
                0x00000000080057fe       0xdc ./Drivers/STM32F1xx_HAL_Driver/Src/stm32f1xx_hal_uart.o
 .text.UART_Start_Receive_IT
                0x00000000080058da       0x72 ./Drivers/STM32F1xx_HAL_Driver/Src/stm32f1xx_hal_uart.o
                0x00000000080058da                UART_Start_Receive_IT
 .text.UART_EndRxTransfer
                0x000000000800594c       0xc4 ./Drivers/STM32F1xx_HAL_Driver/Src/stm32f1xx_hal_uart.o
 .text.UART_DMAAbortOnError
                0x0000000008005a10       0x28 ./Drivers/STM32F1xx_HAL_Driver/Src/stm32f1xx_hal_uart.o
 .text.UART_Transmit_IT
                0x0000000008005a38       0x9e ./Drivers/STM32F1xx_HAL_Driver/Src/stm32f1xx_hal_uart.o
 .text.UART_EndTransmit_IT
                0x0000000008005ad6       0x30 ./Drivers/STM32F1xx_HAL_Driver/Src/stm32f1xx_hal_uart.o
 .text.UART_Receive_IT
                0x0000000008005b06      0x17c ./Drivers/STM32F1xx_HAL_Driver/Src/stm32f1xx_hal_uart.o
 *fill*         0x0000000008005c82        0x2 
 .text.UART_SetConfig
                0x0000000008005c84      0x11c ./Drivers/STM32F1xx_HAL_Driver/Src/stm32f1xx_hal_uart.o
 .text.atoi     0x0000000008005da0        0x8 /home/flashdato/.eclipse/com.st.stm32cube.ide.mcu.rcp.product_1.13.1_139062292_linux_gtk_x86_64/plugins/com.st.stm32cube.ide.mcu.externaltools.gnu-tools-for-stm32.11.3.rel1.linux64_1.1.1.202309131626/tools/bin/../lib/gcc/arm-none-eabi/11.3.1/../../../../arm-none-eabi/lib/thumb/v7-m/nofp/libc_nano.a(libc_a-atoi.o)
                0x0000000008005da0                atoi
 .text._strtol_l.constprop.0
                0x0000000008005da8       0xfc /home/flashdato/.eclipse/com.st.stm32cube.ide.mcu.rcp.product_1.13.1_139062292_linux_gtk_x86_64/plugins/com.st.stm32cube.ide.mcu.externaltools.gnu-tools-for-stm32.11.3.rel1.linux64_1.1.1.202309131626/tools/bin/../lib/gcc/arm-none-eabi/11.3.1/../../../../arm-none-eabi/lib/thumb/v7-m/nofp/libc_nano.a(libc_a-strtol.o)
 .text.strtol   0x0000000008005ea4       0x14 /home/flashdato/.eclipse/com.st.stm32cube.ide.mcu.rcp.product_1.13.1_139062292_linux_gtk_x86_64/plugins/com.st.stm32cube.ide.mcu.externaltools.gnu-tools-for-stm32.11.3.rel1.linux64_1.1.1.202309131626/tools/bin/../lib/gcc/arm-none-eabi/11.3.1/../../../../arm-none-eabi/lib/thumb/v7-m/nofp/libc_nano.a(libc_a-strtol.o)
                0x0000000008005ea4                strtol
 .text.sprintf  0x0000000008005eb8       0x40 /home/flashdato/.eclipse/com.st.stm32cube.ide.mcu.rcp.product_1.13.1_139062292_linux_gtk_x86_64/plugins/com.st.stm32cube.ide.mcu.externaltools.gnu-tools-for-stm32.11.3.rel1.linux64_1.1.1.202309131626/tools/bin/../lib/gcc/arm-none-eabi/11.3.1/../../../../arm-none-eabi/lib/thumb/v7-m/nofp/libc_nano.a(libc_a-sprintf.o)
                0x0000000008005eb8                sprintf
                0x0000000008005eb8                siprintf
 .text.memset   0x0000000008005ef8       0x10 /home/flashdato/.eclipse/com.st.stm32cube.ide.mcu.rcp.product_1.13.1_139062292_linux_gtk_x86_64/plugins/com.st.stm32cube.ide.mcu.externaltools.gnu-tools-for-stm32.11.3.rel1.linux64_1.1.1.202309131626/tools/bin/../lib/gcc/arm-none-eabi/11.3.1/../../../../arm-none-eabi/lib/thumb/v7-m/nofp/libc_nano.a(libc_a-memset.o)
                0x0000000008005ef8                memset
 .text.strcat   0x0000000008005f08       0x1e /home/flashdato/.eclipse/com.st.stm32cube.ide.mcu.rcp.product_1.13.1_139062292_linux_gtk_x86_64/plugins/com.st.stm32cube.ide.mcu.externaltools.gnu-tools-for-stm32.11.3.rel1.linux64_1.1.1.202309131626/tools/bin/../lib/gcc/arm-none-eabi/11.3.1/../../../../arm-none-eabi/lib/thumb/v7-m/nofp/libc_nano.a(libc_a-strcat.o)
                0x0000000008005f08                strcat
 .text.strncpy  0x0000000008005f26       0x26 /home/flashdato/.eclipse/com.st.stm32cube.ide.mcu.rcp.product_1.13.1_139062292_linux_gtk_x86_64/plugins/com.st.stm32cube.ide.mcu.externaltools.gnu-tools-for-stm32.11.3.rel1.linux64_1.1.1.202309131626/tools/bin/../lib/gcc/arm-none-eabi/11.3.1/../../../../arm-none-eabi/lib/thumb/v7-m/nofp/libc_nano.a(libc_a-strncpy.o)
                0x0000000008005f26                strncpy
 .text.strstr   0x0000000008005f4c       0x2c /home/flashdato/.eclipse/com.st.stm32cube.ide.mcu.rcp.product_1.13.1_139062292_linux_gtk_x86_64/plugins/com.st.stm32cube.ide.mcu.externaltools.gnu-tools-for-stm32.11.3.rel1.linux64_1.1.1.202309131626/tools/bin/../lib/gcc/arm-none-eabi/11.3.1/../../../../arm-none-eabi/lib/thumb/v7-m/nofp/libc_nano.a(libc_a-strstr.o)
                0x0000000008005f4c                strstr
 .text.__errno  0x0000000008005f78        0xc /home/flashdato/.eclipse/com.st.stm32cube.ide.mcu.rcp.product_1.13.1_139062292_linux_gtk_x86_64/plugins/com.st.stm32cube.ide.mcu.externaltools.gnu-tools-for-stm32.11.3.rel1.linux64_1.1.1.202309131626/tools/bin/../lib/gcc/arm-none-eabi/11.3.1/../../../../arm-none-eabi/lib/thumb/v7-m/nofp/libc_nano.a(libc_a-errno.o)
                0x0000000008005f78                __errno
 .text.__libc_init_array
                0x0000000008005f84       0x48 /home/flashdato/.eclipse/com.st.stm32cube.ide.mcu.rcp.product_1.13.1_139062292_linux_gtk_x86_64/plugins/com.st.stm32cube.ide.mcu.externaltools.gnu-tools-for-stm32.11.3.rel1.linux64_1.1.1.202309131626/tools/bin/../lib/gcc/arm-none-eabi/11.3.1/../../../../arm-none-eabi/lib/thumb/v7-m/nofp/libc_nano.a(libc_a-init.o)
                0x0000000008005f84                __libc_init_array
 .text.__retarget_lock_acquire_recursive
                0x0000000008005fcc        0x2 /home/flashdato/.eclipse/com.st.stm32cube.ide.mcu.rcp.product_1.13.1_139062292_linux_gtk_x86_64/plugins/com.st.stm32cube.ide.mcu.externaltools.gnu-tools-for-stm32.11.3.rel1.linux64_1.1.1.202309131626/tools/bin/../lib/gcc/arm-none-eabi/11.3.1/../../../../arm-none-eabi/lib/thumb/v7-m/nofp/libc_nano.a(libc_a-lock.o)
                0x0000000008005fcc                __retarget_lock_acquire_recursive
 .text.__retarget_lock_release_recursive
                0x0000000008005fce        0x2 /home/flashdato/.eclipse/com.st.stm32cube.ide.mcu.rcp.product_1.13.1_139062292_linux_gtk_x86_64/plugins/com.st.stm32cube.ide.mcu.externaltools.gnu-tools-for-stm32.11.3.rel1.linux64_1.1.1.202309131626/tools/bin/../lib/gcc/arm-none-eabi/11.3.1/../../../../arm-none-eabi/lib/thumb/v7-m/nofp/libc_nano.a(libc_a-lock.o)
                0x0000000008005fce                __retarget_lock_release_recursive
 .text.strcpy   0x0000000008005fd0       0x10 /home/flashdato/.eclipse/com.st.stm32cube.ide.mcu.rcp.product_1.13.1_139062292_linux_gtk_x86_64/plugins/com.st.stm32cube.ide.mcu.externaltools.gnu-tools-for-stm32.11.3.rel1.linux64_1.1.1.202309131626/tools/bin/../lib/gcc/arm-none-eabi/11.3.1/../../../../arm-none-eabi/lib/thumb/v7-m/nofp/libc_nano.a(libc_a-strcpy.o)
                0x0000000008005fd0                strcpy
 .text._free_r  0x0000000008005fe0       0x90 /home/flashdato/.eclipse/com.st.stm32cube.ide.mcu.rcp.product_1.13.1_139062292_linux_gtk_x86_64/plugins/com.st.stm32cube.ide.mcu.externaltools.gnu-tools-for-stm32.11.3.rel1.linux64_1.1.1.202309131626/tools/bin/../lib/gcc/arm-none-eabi/11.3.1/../../../../arm-none-eabi/lib/thumb/v7-m/nofp/libc_nano.a(libc_a-freer.o)
                0x0000000008005fe0                _free_r
 .text.sbrk_aligned
                0x0000000008006070       0x40 /home/flashdato/.eclipse/com.st.stm32cube.ide.mcu.rcp.product_1.13.1_139062292_linux_gtk_x86_64/plugins/com.st.stm32cube.ide.mcu.externaltools.gnu-tools-for-stm32.11.3.rel1.linux64_1.1.1.202309131626/tools/bin/../lib/gcc/arm-none-eabi/11.3.1/../../../../arm-none-eabi/lib/thumb/v7-m/nofp/libc_nano.a(libc_a-mallocr.o)
 .text._malloc_r
                0x00000000080060b0      0x100 /home/flashdato/.eclipse/com.st.stm32cube.ide.mcu.rcp.product_1.13.1_139062292_linux_gtk_x86_64/plugins/com.st.stm32cube.ide.mcu.externaltools.gnu-tools-for-stm32.11.3.rel1.linux64_1.1.1.202309131626/tools/bin/../lib/gcc/arm-none-eabi/11.3.1/../../../../arm-none-eabi/lib/thumb/v7-m/nofp/libc_nano.a(libc_a-mallocr.o)
                0x00000000080060b0                _malloc_r
 .text.__malloc_lock
                0x00000000080061b0        0xc /home/flashdato/.eclipse/com.st.stm32cube.ide.mcu.rcp.product_1.13.1_139062292_linux_gtk_x86_64/plugins/com.st.stm32cube.ide.mcu.externaltools.gnu-tools-for-stm32.11.3.rel1.linux64_1.1.1.202309131626/tools/bin/../lib/gcc/arm-none-eabi/11.3.1/../../../../arm-none-eabi/lib/thumb/v7-m/nofp/libc_nano.a(libc_a-mlock.o)
                0x00000000080061b0                __malloc_lock
 .text.__malloc_unlock
                0x00000000080061bc        0xc /home/flashdato/.eclipse/com.st.stm32cube.ide.mcu.rcp.product_1.13.1_139062292_linux_gtk_x86_64/plugins/com.st.stm32cube.ide.mcu.externaltools.gnu-tools-for-stm32.11.3.rel1.linux64_1.1.1.202309131626/tools/bin/../lib/gcc/arm-none-eabi/11.3.1/../../../../arm-none-eabi/lib/thumb/v7-m/nofp/libc_nano.a(libc_a-mlock.o)
                0x00000000080061bc                __malloc_unlock
 .text.__ssputs_r
                0x00000000080061c8       0xb4 /home/flashdato/.eclipse/com.st.stm32cube.ide.mcu.rcp.product_1.13.1_139062292_linux_gtk_x86_64/plugins/com.st.stm32cube.ide.mcu.externaltools.gnu-tools-for-stm32.11.3.rel1.linux64_1.1.1.202309131626/tools/bin/../lib/gcc/arm-none-eabi/11.3.1/../../../../arm-none-eabi/lib/thumb/v7-m/nofp/libc_nano.a(libc_a-nano-svfprintf.o)
                0x00000000080061c8                __ssputs_r
 .text._svfprintf_r
                0x000000000800627c      0x1fc /home/flashdato/.eclipse/com.st.stm32cube.ide.mcu.rcp.product_1.13.1_139062292_linux_gtk_x86_64/plugins/com.st.stm32cube.ide.mcu.externaltools.gnu-tools-for-stm32.11.3.rel1.linux64_1.1.1.202309131626/tools/bin/../lib/gcc/arm-none-eabi/11.3.1/../../../../arm-none-eabi/lib/thumb/v7-m/nofp/libc_nano.a(libc_a-nano-svfprintf.o)
                0x000000000800627c                _svfprintf_r
                0x000000000800627c                _svfiprintf_r
 .text._printf_common
                0x0000000008006478       0xe4 /home/flashdato/.eclipse/com.st.stm32cube.ide.mcu.rcp.product_1.13.1_139062292_linux_gtk_x86_64/plugins/com.st.stm32cube.ide.mcu.externaltools.gnu-tools-for-stm32.11.3.rel1.linux64_1.1.1.202309131626/tools/bin/../lib/gcc/arm-none-eabi/11.3.1/../../../../arm-none-eabi/lib/thumb/v7-m/nofp/libc_nano.a(libc_a-nano-vfprintf_i.o)
                0x0000000008006478                _printf_common
 .text._printf_i
                0x000000000800655c      0x244 /home/flashdato/.eclipse/com.st.stm32cube.ide.mcu.rcp.product_1.13.1_139062292_linux_gtk_x86_64/plugins/com.st.stm32cube.ide.mcu.externaltools.gnu-tools-for-stm32.11.3.rel1.linux64_1.1.1.202309131626/tools/bin/../lib/gcc/arm-none-eabi/11.3.1/../../../../arm-none-eabi/lib/thumb/v7-m/nofp/libc_nano.a(libc_a-nano-vfprintf_i.o)
                0x000000000800655c                _printf_i
 .text.memmove  0x00000000080067a0       0x34 /home/flashdato/.eclipse/com.st.stm32cube.ide.mcu.rcp.product_1.13.1_139062292_linux_gtk_x86_64/plugins/com.st.stm32cube.ide.mcu.externaltools.gnu-tools-for-stm32.11.3.rel1.linux64_1.1.1.202309131626/tools/bin/../lib/gcc/arm-none-eabi/11.3.1/../../../../arm-none-eabi/lib/thumb/v7-m/nofp/libc_nano.a(libc_a-memmove.o)
                0x00000000080067a0                memmove
 .text._sbrk_r  0x00000000080067d4       0x20 /home/flashdato/.eclipse/com.st.stm32cube.ide.mcu.rcp.product_1.13.1_139062292_linux_gtk_x86_64/plugins/com.st.stm32cube.ide.mcu.externaltools.gnu-tools-for-stm32.11.3.rel1.linux64_1.1.1.202309131626/tools/bin/../lib/gcc/arm-none-eabi/11.3.1/../../../../arm-none-eabi/lib/thumb/v7-m/nofp/libc_nano.a(libc_a-sbrkr.o)
                0x00000000080067d4                _sbrk_r
 .text.memchr   0x00000000080067f4       0x1c /home/flashdato/.eclipse/com.st.stm32cube.ide.mcu.rcp.product_1.13.1_139062292_linux_gtk_x86_64/plugins/com.st.stm32cube.ide.mcu.externaltools.gnu-tools-for-stm32.11.3.rel1.linux64_1.1.1.202309131626/tools/bin/../lib/gcc/arm-none-eabi/11.3.1/../../../../arm-none-eabi/lib/thumb/v7-m/nofp/libc_nano.a(libc_a-memchr-stub.o)
                0x00000000080067f4                memchr
 .text.memcpy   0x0000000008006810       0x1c /home/flashdato/.eclipse/com.st.stm32cube.ide.mcu.rcp.product_1.13.1_139062292_linux_gtk_x86_64/plugins/com.st.stm32cube.ide.mcu.externaltools.gnu-tools-for-stm32.11.3.rel1.linux64_1.1.1.202309131626/tools/bin/../lib/gcc/arm-none-eabi/11.3.1/../../../../arm-none-eabi/lib/thumb/v7-m/nofp/libc_nano.a(libc_a-memcpy-stub.o)
                0x0000000008006810                memcpy
 .text._realloc_r
                0x000000000800682c       0x5e /home/flashdato/.eclipse/com.st.stm32cube.ide.mcu.rcp.product_1.13.1_139062292_linux_gtk_x86_64/plugins/com.st.stm32cube.ide.mcu.externaltools.gnu-tools-for-stm32.11.3.rel1.linux64_1.1.1.202309131626/tools/bin/../lib/gcc/arm-none-eabi/11.3.1/../../../../arm-none-eabi/lib/thumb/v7-m/nofp/libc_nano.a(libc_a-reallocr.o)
                0x000000000800682c                _realloc_r
 .text._malloc_usable_size_r
                0x000000000800688a       0x10 /home/flashdato/.eclipse/com.st.stm32cube.ide.mcu.rcp.product_1.13.1_139062292_linux_gtk_x86_64/plugins/com.st.stm32cube.ide.mcu.externaltools.gnu-tools-for-stm32.11.3.rel1.linux64_1.1.1.202309131626/tools/bin/../lib/gcc/arm-none-eabi/11.3.1/../../../../arm-none-eabi/lib/thumb/v7-m/nofp/libc_nano.a(libc_a-msizer.o)
                0x000000000800688a                _malloc_usable_size_r
 *(.glue_7)
 .glue_7        0x000000000800689a        0x0 linker stubs
 *(.glue_7t)
 .glue_7t       0x000000000800689a        0x0 linker stubs
 *(.eh_frame)
 *fill*         0x000000000800689a        0x2 
 .eh_frame      0x000000000800689c        0x0 /home/flashdato/.eclipse/com.st.stm32cube.ide.mcu.rcp.product_1.13.1_139062292_linux_gtk_x86_64/plugins/com.st.stm32cube.ide.mcu.externaltools.gnu-tools-for-stm32.11.3.rel1.linux64_1.1.1.202309131626/tools/bin/../lib/gcc/arm-none-eabi/11.3.1/thumb/v7-m/nofp/crtbegin.o
 *(.init)
 .init          0x000000000800689c        0x4 /home/flashdato/.eclipse/com.st.stm32cube.ide.mcu.rcp.product_1.13.1_139062292_linux_gtk_x86_64/plugins/com.st.stm32cube.ide.mcu.externaltools.gnu-tools-for-stm32.11.3.rel1.linux64_1.1.1.202309131626/tools/bin/../lib/gcc/arm-none-eabi/11.3.1/thumb/v7-m/nofp/crti.o
                0x000000000800689c                _init
 .init          0x00000000080068a0        0x8 /home/flashdato/.eclipse/com.st.stm32cube.ide.mcu.rcp.product_1.13.1_139062292_linux_gtk_x86_64/plugins/com.st.stm32cube.ide.mcu.externaltools.gnu-tools-for-stm32.11.3.rel1.linux64_1.1.1.202309131626/tools/bin/../lib/gcc/arm-none-eabi/11.3.1/thumb/v7-m/nofp/crtn.o
 *(.fini)
 .fini          0x00000000080068a8        0x4 /home/flashdato/.eclipse/com.st.stm32cube.ide.mcu.rcp.product_1.13.1_139062292_linux_gtk_x86_64/plugins/com.st.stm32cube.ide.mcu.externaltools.gnu-tools-for-stm32.11.3.rel1.linux64_1.1.1.202309131626/tools/bin/../lib/gcc/arm-none-eabi/11.3.1/thumb/v7-m/nofp/crti.o
                0x00000000080068a8                _fini
 .fini          0x00000000080068ac        0x8 /home/flashdato/.eclipse/com.st.stm32cube.ide.mcu.rcp.product_1.13.1_139062292_linux_gtk_x86_64/plugins/com.st.stm32cube.ide.mcu.externaltools.gnu-tools-for-stm32.11.3.rel1.linux64_1.1.1.202309131626/tools/bin/../lib/gcc/arm-none-eabi/11.3.1/thumb/v7-m/nofp/crtn.o
                0x00000000080068b4                . = ALIGN (0x4)
                0x00000000080068b4                _etext = .

.vfp11_veneer   0x00000000080068b4        0x0
 .vfp11_veneer  0x00000000080068b4        0x0 linker stubs

.v4_bx          0x00000000080068b4        0x0
 .v4_bx         0x00000000080068b4        0x0 linker stubs

.iplt           0x00000000080068b4        0x0
 .iplt          0x00000000080068b4        0x0 /home/flashdato/.eclipse/com.st.stm32cube.ide.mcu.rcp.product_1.13.1_139062292_linux_gtk_x86_64/plugins/com.st.stm32cube.ide.mcu.externaltools.gnu-tools-for-stm32.11.3.rel1.linux64_1.1.1.202309131626/tools/bin/../lib/gcc/arm-none-eabi/11.3.1/thumb/v7-m/nofp/crtbegin.o

.rodata         0x00000000080068b4      0x250
                0x00000000080068b4                . = ALIGN (0x4)
 *(.rodata)
 .rodata        0x00000000080068b4       0xdc ./Core/Src/main.o
 *(.rodata*)
 .rodata.AHBPrescTable
                0x0000000008006990       0x10 ./Core/Src/system_stm32f1xx.o
                0x0000000008006990                AHBPrescTable
 .rodata.APBPrescTable
                0x00000000080069a0        0x8 ./Core/Src/system_stm32f1xx.o
                0x00000000080069a0                APBPrescTable
 .rodata.aPLLMULFactorTable.1
                0x00000000080069a8       0x10 ./Drivers/STM32F1xx_HAL_Driver/Src/stm32f1xx_hal_rcc.o
 .rodata.aPredivFactorTable.0
                0x00000000080069b8        0x2 ./Drivers/STM32F1xx_HAL_Driver/Src/stm32f1xx_hal_rcc.o
 *fill*         0x00000000080069ba        0x2 
 .rodata.aPLLMULFactorTable.1
                0x00000000080069bc       0x10 ./Drivers/STM32F1xx_HAL_Driver/Src/stm32f1xx_hal_rcc_ex.o
 .rodata.aPredivFactorTable.0
                0x00000000080069cc        0x2 ./Drivers/STM32F1xx_HAL_Driver/Src/stm32f1xx_hal_rcc_ex.o
 .rodata._ctype_
                0x00000000080069ce      0x101 /home/flashdato/.eclipse/com.st.stm32cube.ide.mcu.rcp.product_1.13.1_139062292_linux_gtk_x86_64/plugins/com.st.stm32cube.ide.mcu.externaltools.gnu-tools-for-stm32.11.3.rel1.linux64_1.1.1.202309131626/tools/bin/../lib/gcc/arm-none-eabi/11.3.1/../../../../arm-none-eabi/lib/thumb/v7-m/nofp/libc_nano.a(libc_a-ctype_.o)
                0x00000000080069ce                _ctype_
 .rodata._svfprintf_r.str1.1
                0x0000000008006acf       0x11 /home/flashdato/.eclipse/com.st.stm32cube.ide.mcu.rcp.product_1.13.1_139062292_linux_gtk_x86_64/plugins/com.st.stm32cube.ide.mcu.externaltools.gnu-tools-for-stm32.11.3.rel1.linux64_1.1.1.202309131626/tools/bin/../lib/gcc/arm-none-eabi/11.3.1/../../../../arm-none-eabi/lib/thumb/v7-m/nofp/libc_nano.a(libc_a-nano-svfprintf.o)
 .rodata._printf_i.str1.1
                0x0000000008006ae0       0x22 /home/flashdato/.eclipse/com.st.stm32cube.ide.mcu.rcp.product_1.13.1_139062292_linux_gtk_x86_64/plugins/com.st.stm32cube.ide.mcu.externaltools.gnu-tools-for-stm32.11.3.rel1.linux64_1.1.1.202309131626/tools/bin/../lib/gcc/arm-none-eabi/11.3.1/../../../../arm-none-eabi/lib/thumb/v7-m/nofp/libc_nano.a(libc_a-nano-vfprintf_i.o)
                0x0000000008006b04                . = ALIGN (0x4)
 *fill*         0x0000000008006b02        0x2 

.rel.dyn        0x0000000008006b04        0x0
 .rel.iplt      0x0000000008006b04        0x0 /home/flashdato/.eclipse/com.st.stm32cube.ide.mcu.rcp.product_1.13.1_139062292_linux_gtk_x86_64/plugins/com.st.stm32cube.ide.mcu.externaltools.gnu-tools-for-stm32.11.3.rel1.linux64_1.1.1.202309131626/tools/bin/../lib/gcc/arm-none-eabi/11.3.1/thumb/v7-m/nofp/crtbegin.o

.ARM.extab      0x0000000008006b04        0x0
                0x0000000008006b04                . = ALIGN (0x4)
 *(.ARM.extab* .gnu.linkonce.armextab.*)
                0x0000000008006b04                . = ALIGN (0x4)

.ARM            0x0000000008006b04        0x0
                0x0000000008006b04                . = ALIGN (0x4)
                0x0000000008006b04                __exidx_start = .
 *(.ARM.exidx*)
                0x0000000008006b04                __exidx_end = .
                0x0000000008006b04                . = ALIGN (0x4)

.preinit_array  0x0000000008006b04        0x0
                0x0000000008006b04                . = ALIGN (0x4)
                0x0000000008006b04                PROVIDE (__preinit_array_start = .)
 *(.preinit_array*)
                0x0000000008006b04                PROVIDE (__preinit_array_end = .)
                0x0000000008006b04                . = ALIGN (0x4)

.init_array     0x0000000008006b04        0x4
                0x0000000008006b04                . = ALIGN (0x4)
                0x0000000008006b04                PROVIDE (__init_array_start = .)
 *(SORT_BY_NAME(.init_array.*))
 *(.init_array*)
 .init_array    0x0000000008006b04        0x4 /home/flashdato/.eclipse/com.st.stm32cube.ide.mcu.rcp.product_1.13.1_139062292_linux_gtk_x86_64/plugins/com.st.stm32cube.ide.mcu.externaltools.gnu-tools-for-stm32.11.3.rel1.linux64_1.1.1.202309131626/tools/bin/../lib/gcc/arm-none-eabi/11.3.1/thumb/v7-m/nofp/crtbegin.o
                0x0000000008006b08                PROVIDE (__init_array_end = .)
                0x0000000008006b08                . = ALIGN (0x4)

.fini_array     0x0000000008006b08        0x4
                0x0000000008006b08                . = ALIGN (0x4)
                [!provide]                        PROVIDE (__fini_array_start = .)
 *(SORT_BY_NAME(.fini_array.*))
 *(.fini_array*)
 .fini_array    0x0000000008006b08        0x4 /home/flashdato/.eclipse/com.st.stm32cube.ide.mcu.rcp.product_1.13.1_139062292_linux_gtk_x86_64/plugins/com.st.stm32cube.ide.mcu.externaltools.gnu-tools-for-stm32.11.3.rel1.linux64_1.1.1.202309131626/tools/bin/../lib/gcc/arm-none-eabi/11.3.1/thumb/v7-m/nofp/crtbegin.o
                [!provide]                        PROVIDE (__fini_array_end = .)
                0x0000000008006b0c                . = ALIGN (0x4)
                0x0000000008006b0c                _sidata = LOADADDR (.data)

.data           0x0000000020000000       0x5c load address 0x0000000008006b0c
                0x0000000020000000                . = ALIGN (0x4)
                0x0000000020000000                _sdata = .
 *(.data)
 *(.data*)
 .data.SystemCoreClock
                0x0000000020000000        0x4 ./Core/Src/system_stm32f1xx.o
                0x0000000020000000                SystemCoreClock
 .data.uwTickPrio
                0x0000000020000004        0x4 ./Drivers/STM32F1xx_HAL_Driver/Src/stm32f1xx_hal.o
                0x0000000020000004                uwTickPrio
 .data.uwTickFreq
                0x0000000020000008        0x1 ./Drivers/STM32F1xx_HAL_Driver/Src/stm32f1xx_hal.o
                0x0000000020000008                uwTickFreq
 *fill*         0x0000000020000009        0x3 
 .data._impure_data
                0x000000002000000c       0x4c /home/flashdato/.eclipse/com.st.stm32cube.ide.mcu.rcp.product_1.13.1_139062292_linux_gtk_x86_64/plugins/com.st.stm32cube.ide.mcu.externaltools.gnu-tools-for-stm32.11.3.rel1.linux64_1.1.1.202309131626/tools/bin/../lib/gcc/arm-none-eabi/11.3.1/../../../../arm-none-eabi/lib/thumb/v7-m/nofp/libc_nano.a(libc_a-impure.o)
                0x000000002000000c                _impure_data
 .data._impure_ptr
                0x0000000020000058        0x4 /home/flashdato/.eclipse/com.st.stm32cube.ide.mcu.rcp.product_1.13.1_139062292_linux_gtk_x86_64/plugins/com.st.stm32cube.ide.mcu.externaltools.gnu-tools-for-stm32.11.3.rel1.linux64_1.1.1.202309131626/tools/bin/../lib/gcc/arm-none-eabi/11.3.1/../../../../arm-none-eabi/lib/thumb/v7-m/nofp/libc_nano.a(libc_a-impure.o)
                0x0000000020000058                _impure_ptr
 *(.RamFunc)
 *(.RamFunc*)
                0x000000002000005c                . = ALIGN (0x4)
                0x000000002000005c                _edata = .

.igot.plt       0x000000002000005c        0x0 load address 0x0000000008006b68
 .igot.plt      0x000000002000005c        0x0 /home/flashdato/.eclipse/com.st.stm32cube.ide.mcu.rcp.product_1.13.1_139062292_linux_gtk_x86_64/plugins/com.st.stm32cube.ide.mcu.externaltools.gnu-tools-for-stm32.11.3.rel1.linux64_1.1.1.202309131626/tools/bin/../lib/gcc/arm-none-eabi/11.3.1/thumb/v7-m/nofp/crtbegin.o
                0x000000002000005c                . = ALIGN (0x4)

.bss            0x000000002000005c      0x460 load address 0x0000000008006b68
                0x000000002000005c                _sbss = .
                0x000000002000005c                __bss_start__ = _sbss
 *(.bss)
 .bss           0x000000002000005c       0x1c /home/flashdato/.eclipse/com.st.stm32cube.ide.mcu.rcp.product_1.13.1_139062292_linux_gtk_x86_64/plugins/com.st.stm32cube.ide.mcu.externaltools.gnu-tools-for-stm32.11.3.rel1.linux64_1.1.1.202309131626/tools/bin/../lib/gcc/arm-none-eabi/11.3.1/thumb/v7-m/nofp/crtbegin.o
 *(.bss*)
 .bss.hadc1     0x0000000020000078       0x30 ./Core/Src/main.o
                0x0000000020000078                hadc1
 .bss.htim2     0x00000000200000a8       0x48 ./Core/Src/main.o
                0x00000000200000a8                htim2
 .bss.huart1    0x00000000200000f0       0x48 ./Core/Src/main.o
                0x00000000200000f0                huart1
 .bss.huart3    0x0000000020000138       0x48 ./Core/Src/main.o
                0x0000000020000138                huart3
 .bss.rxData    0x0000000020000180        0x1 ./Core/Src/main.o
                0x0000000020000180                rxData
 *fill*         0x0000000020000181        0x3 
 .bss.rx_buffer
                0x0000000020000184       0x64 ./Core/Src/main.o
                0x0000000020000184                rx_buffer
 .bss.rx_index  0x00000000200001e8        0x1 ./Core/Src/main.o
                0x00000000200001e8                rx_index
 *fill*         0x00000000200001e9        0x3 
 .bss.len       0x00000000200001ec        0x4 ./Core/Src/main.o
                0x00000000200001ec                len
 .bss.buffer    0x00000000200001f0       0x64 ./Core/Src/main.o
                0x00000000200001f0                buffer
 .bss.readValue1
                0x0000000020000254        0x2 ./Core/Src/main.o
                0x0000000020000254                readValue1
 .bss.readValue2
                0x0000000020000256        0x2 ./Core/Src/main.o
                0x0000000020000256                readValue2
 .bss.sConfigPrivate
                0x0000000020000258        0xc ./Core/Src/main.o
                0x0000000020000258                sConfigPrivate
 .bss.analogBuffer
                0x0000000020000264       0x78 ./Core/Src/main.o
                0x0000000020000264                analogBuffer
 .bss.analogBufferIndex
                0x00000000200002dc        0x4 ./Core/Src/main.o
                0x00000000200002dc                analogBufferIndex
 .bss.tdsValue  0x00000000200002e0        0x4 ./Core/Src/main.o
                0x00000000200002e0                tdsValue
 .bss.TDSstring
                0x00000000200002e4        0x5 ./Core/Src/main.o
                0x00000000200002e4                TDSstring
 *fill*         0x00000000200002e9        0x3 
 .bss.tdsValue_User
                0x00000000200002ec        0x4 ./Core/Src/main.o
                0x00000000200002ec                tdsValue_User
 .bss.preasure  0x00000000200002f0        0x4 ./Core/Src/main.o
                0x00000000200002f0                preasure
 .bss.ph        0x00000000200002f4        0x4 ./Core/Src/main.o
                0x00000000200002f4                ph
 .bss.phString  0x00000000200002f8        0x5 ./Core/Src/main.o
                0x00000000200002f8                phString
 *fill*         0x00000000200002fd        0x3 
 .bss.ph_buffer_arr
                0x0000000020000300       0x28 ./Core/Src/main.o
                0x0000000020000300                ph_buffer_arr
 .bss.phBufferIndex
                0x0000000020000328        0x4 ./Core/Src/main.o
                0x0000000020000328                phBufferIndex
 .bss.second    0x000000002000032c        0x4 ./Core/Src/main.o
                0x000000002000032c                second
 .bss.minute    0x0000000020000330        0x4 ./Core/Src/main.o
                0x0000000020000330                minute
 .bss.hour      0x0000000020000334        0x4 ./Core/Src/main.o
                0x0000000020000334                hour
 .bss.interval  0x0000000020000338        0x4 ./Core/Src/main.o
                0x0000000020000338                interval
 .bss.interval1
                0x000000002000033c        0x4 ./Core/Src/main.o
                0x000000002000033c                interval1
 .bss.interval2
                0x0000000020000340        0x4 ./Core/Src/main.o
                0x0000000020000340                interval2
 .bss.interval3
                0x0000000020000344        0x4 ./Core/Src/main.o
                0x0000000020000344                interval3
 .bss.interval4
                0x0000000020000348        0x4 ./Core/Src/main.o
                0x0000000020000348                interval4
 .bss.intervalT
                0x000000002000034c        0x4 ./Core/Src/main.o
                0x000000002000034c                intervalT
 .bss.sequence  0x0000000020000350        0x4 ./Core/Src/main.o
                0x0000000020000350                sequence
 .bss.intString
                0x0000000020000354        0x5 ./Core/Src/main.o
                0x0000000020000354                intString
 *fill*         0x0000000020000359        0x3 
 .bss.integerValue
                0x000000002000035c        0x4 ./Core/Src/main.o
                0x000000002000035c                integerValue
 .bss.relay3    0x0000000020000360        0x1 ./Core/Src/main.o
                0x0000000020000360                relay3
 .bss.relay4    0x0000000020000361        0x1 ./Core/Src/main.o
                0x0000000020000361                relay4
 .bss.relay5    0x0000000020000362        0x1 ./Core/Src/main.o
                0x0000000020000362                relay5
 .bss.relay6    0x0000000020000363        0x1 ./Core/Src/main.o
                0x0000000020000363                relay6
 .bss.relay7    0x0000000020000364        0x1 ./Core/Src/main.o
                0x0000000020000364                relay7
 .bss.relay8    0x0000000020000365        0x1 ./Core/Src/main.o
                0x0000000020000365                relay8
 .bss.relay9    0x0000000020000366        0x1 ./Core/Src/main.o
                0x0000000020000366                relay9
 .bss.relay10   0x0000000020000367        0x1 ./Core/Src/main.o
                0x0000000020000367                relay10
 .bss.relay11   0x0000000020000368        0x1 ./Core/Src/main.o
                0x0000000020000368                relay11
 *fill*         0x0000000020000369        0x3 
 .bss.__sbrk_heap_end
                0x000000002000036c        0x4 ./Core/Src/sysmem.o
 .bss.uwTick    0x0000000020000370        0x4 ./Drivers/STM32F1xx_HAL_Driver/Src/stm32f1xx_hal.o
                0x0000000020000370                uwTick
 .bss.__sf      0x0000000020000374      0x138 /home/flashdato/.eclipse/com.st.stm32cube.ide.mcu.rcp.product_1.13.1_139062292_linux_gtk_x86_64/plugins/com.st.stm32cube.ide.mcu.externaltools.gnu-tools-for-stm32.11.3.rel1.linux64_1.1.1.202309131626/tools/bin/../lib/gcc/arm-none-eabi/11.3.1/../../../../arm-none-eabi/lib/thumb/v7-m/nofp/libc_nano.a(libc_a-findfp.o)
                0x0000000020000374                __sf
 .bss.errno     0x00000000200004ac        0x4 /home/flashdato/.eclipse/com.st.stm32cube.ide.mcu.rcp.product_1.13.1_139062292_linux_gtk_x86_64/plugins/com.st.stm32cube.ide.mcu.externaltools.gnu-tools-for-stm32.11.3.rel1.linux64_1.1.1.202309131626/tools/bin/../lib/gcc/arm-none-eabi/11.3.1/../../../../arm-none-eabi/lib/thumb/v7-m/nofp/libc_nano.a(libc_a-reent.o)
                0x00000000200004ac                errno
 .bss.__lock___malloc_recursive_mutex
                0x00000000200004b0        0x1 /home/flashdato/.eclipse/com.st.stm32cube.ide.mcu.rcp.product_1.13.1_139062292_linux_gtk_x86_64/plugins/com.st.stm32cube.ide.mcu.externaltools.gnu-tools-for-stm32.11.3.rel1.linux64_1.1.1.202309131626/tools/bin/../lib/gcc/arm-none-eabi/11.3.1/../../../../arm-none-eabi/lib/thumb/v7-m/nofp/libc_nano.a(libc_a-lock.o)
                0x00000000200004b0                __lock___malloc_recursive_mutex
 *fill*         0x00000000200004b1        0x3 
 .bss.__malloc_free_list
                0x00000000200004b4        0x4 /home/flashdato/.eclipse/com.st.stm32cube.ide.mcu.rcp.product_1.13.1_139062292_linux_gtk_x86_64/plugins/com.st.stm32cube.ide.mcu.externaltools.gnu-tools-for-stm32.11.3.rel1.linux64_1.1.1.202309131626/tools/bin/../lib/gcc/arm-none-eabi/11.3.1/../../../../arm-none-eabi/lib/thumb/v7-m/nofp/libc_nano.a(libc_a-mallocr.o)
                0x00000000200004b4                __malloc_free_list
 .bss.__malloc_sbrk_start
                0x00000000200004b8        0x4 /home/flashdato/.eclipse/com.st.stm32cube.ide.mcu.rcp.product_1.13.1_139062292_linux_gtk_x86_64/plugins/com.st.stm32cube.ide.mcu.externaltools.gnu-tools-for-stm32.11.3.rel1.linux64_1.1.1.202309131626/tools/bin/../lib/gcc/arm-none-eabi/11.3.1/../../../../arm-none-eabi/lib/thumb/v7-m/nofp/libc_nano.a(libc_a-mallocr.o)
                0x00000000200004b8                __malloc_sbrk_start
 *(COMMON)
                0x00000000200004bc                . = ALIGN (0x4)
                0x00000000200004bc                _ebss = .
                0x00000000200004bc                __bss_end__ = _ebss

._user_heap_stack
                0x00000000200004bc      0x604 load address 0x0000000008006b68
                0x00000000200004c0                . = ALIGN (0x8)
 *fill*         0x00000000200004bc        0x4 
                [!provide]                        PROVIDE (end = .)
                0x00000000200004c0                PROVIDE (_end = .)
                0x00000000200006c0                . = (. + _Min_Heap_Size)
 *fill*         0x00000000200004c0      0x200 
                0x0000000020000ac0                . = (. + _Min_Stack_Size)
 *fill*         0x00000000200006c0      0x400 
                0x0000000020000ac0                . = ALIGN (0x8)

/DISCARD/
 libc.a(*)
 libm.a(*)
 libgcc.a(*)

.ARM.attributes
                0x0000000000000000       0x29
 *(.ARM.attributes)
 .ARM.attributes
                0x0000000000000000       0x1d /home/flashdato/.eclipse/com.st.stm32cube.ide.mcu.rcp.product_1.13.1_139062292_linux_gtk_x86_64/plugins/com.st.stm32cube.ide.mcu.externaltools.gnu-tools-for-stm32.11.3.rel1.linux64_1.1.1.202309131626/tools/bin/../lib/gcc/arm-none-eabi/11.3.1/thumb/v7-m/nofp/crti.o
 .ARM.attributes
                0x000000000000001d       0x2d /home/flashdato/.eclipse/com.st.stm32cube.ide.mcu.rcp.product_1.13.1_139062292_linux_gtk_x86_64/plugins/com.st.stm32cube.ide.mcu.externaltools.gnu-tools-for-stm32.11.3.rel1.linux64_1.1.1.202309131626/tools/bin/../lib/gcc/arm-none-eabi/11.3.1/thumb/v7-m/nofp/crtbegin.o
 .ARM.attributes
                0x000000000000004a       0x2d ./Core/Src/main.o
 .ARM.attributes
                0x0000000000000077       0x2d ./Core/Src/stm32f1xx_hal_msp.o
 .ARM.attributes
                0x00000000000000a4       0x2d ./Core/Src/stm32f1xx_it.o
 .ARM.attributes
                0x00000000000000d1       0x2d ./Core/Src/sysmem.o
 .ARM.attributes
                0x00000000000000fe       0x2d ./Core/Src/system_stm32f1xx.o
 .ARM.attributes
                0x000000000000012b       0x21 ./Core/Startup/startup_stm32f103c8tx.o
 .ARM.attributes
                0x000000000000014c       0x2d ./Drivers/STM32F1xx_HAL_Driver/Src/stm32f1xx_hal.o
 .ARM.attributes
                0x0000000000000179       0x2d ./Drivers/STM32F1xx_HAL_Driver/Src/stm32f1xx_hal_adc.o
 .ARM.attributes
                0x00000000000001a6       0x2d ./Drivers/STM32F1xx_HAL_Driver/Src/stm32f1xx_hal_cortex.o
 .ARM.attributes
                0x00000000000001d3       0x2d ./Drivers/STM32F1xx_HAL_Driver/Src/stm32f1xx_hal_dma.o
 .ARM.attributes
                0x0000000000000200       0x2d ./Drivers/STM32F1xx_HAL_Driver/Src/stm32f1xx_hal_gpio.o
 .ARM.attributes
                0x000000000000022d       0x2d ./Drivers/STM32F1xx_HAL_Driver/Src/stm32f1xx_hal_rcc.o
 .ARM.attributes
                0x000000000000025a       0x2d ./Drivers/STM32F1xx_HAL_Driver/Src/stm32f1xx_hal_rcc_ex.o
 .ARM.attributes
                0x0000000000000287       0x2d ./Drivers/STM32F1xx_HAL_Driver/Src/stm32f1xx_hal_tim.o
 .ARM.attributes
                0x00000000000002b4       0x2d ./Drivers/STM32F1xx_HAL_Driver/Src/stm32f1xx_hal_tim_ex.o
 .ARM.attributes
                0x00000000000002e1       0x2d ./Drivers/STM32F1xx_HAL_Driver/Src/stm32f1xx_hal_uart.o
 .ARM.attributes
                0x000000000000030e       0x2d /home/flashdato/.eclipse/com.st.stm32cube.ide.mcu.rcp.product_1.13.1_139062292_linux_gtk_x86_64/plugins/com.st.stm32cube.ide.mcu.externaltools.gnu-tools-for-stm32.11.3.rel1.linux64_1.1.1.202309131626/tools/bin/../lib/gcc/arm-none-eabi/11.3.1/../../../../arm-none-eabi/lib/thumb/v7-m/nofp/libc_nano.a(libc_a-atoi.o)
 .ARM.attributes
                0x000000000000033b       0x2d /home/flashdato/.eclipse/com.st.stm32cube.ide.mcu.rcp.product_1.13.1_139062292_linux_gtk_x86_64/plugins/com.st.stm32cube.ide.mcu.externaltools.gnu-tools-for-stm32.11.3.rel1.linux64_1.1.1.202309131626/tools/bin/../lib/gcc/arm-none-eabi/11.3.1/../../../../arm-none-eabi/lib/thumb/v7-m/nofp/libc_nano.a(libc_a-strtol.o)
 .ARM.attributes
                0x0000000000000368       0x2d /home/flashdato/.eclipse/com.st.stm32cube.ide.mcu.rcp.product_1.13.1_139062292_linux_gtk_x86_64/plugins/com.st.stm32cube.ide.mcu.externaltools.gnu-tools-for-stm32.11.3.rel1.linux64_1.1.1.202309131626/tools/bin/../lib/gcc/arm-none-eabi/11.3.1/../../../../arm-none-eabi/lib/thumb/v7-m/nofp/libc_nano.a(libc_a-ctype_.o)
 .ARM.attributes
                0x0000000000000395       0x2d /home/flashdato/.eclipse/com.st.stm32cube.ide.mcu.rcp.product_1.13.1_139062292_linux_gtk_x86_64/plugins/com.st.stm32cube.ide.mcu.externaltools.gnu-tools-for-stm32.11.3.rel1.linux64_1.1.1.202309131626/tools/bin/../lib/gcc/arm-none-eabi/11.3.1/../../../../arm-none-eabi/lib/thumb/v7-m/nofp/libc_nano.a(libc_a-findfp.o)
 .ARM.attributes
                0x00000000000003c2       0x2d /home/flashdato/.eclipse/com.st.stm32cube.ide.mcu.rcp.product_1.13.1_139062292_linux_gtk_x86_64/plugins/com.st.stm32cube.ide.mcu.externaltools.gnu-tools-for-stm32.11.3.rel1.linux64_1.1.1.202309131626/tools/bin/../lib/gcc/arm-none-eabi/11.3.1/../../../../arm-none-eabi/lib/thumb/v7-m/nofp/libc_nano.a(libc_a-sprintf.o)
 .ARM.attributes
                0x00000000000003ef       0x2d /home/flashdato/.eclipse/com.st.stm32cube.ide.mcu.rcp.product_1.13.1_139062292_linux_gtk_x86_64/plugins/com.st.stm32cube.ide.mcu.externaltools.gnu-tools-for-stm32.11.3.rel1.linux64_1.1.1.202309131626/tools/bin/../lib/gcc/arm-none-eabi/11.3.1/../../../../arm-none-eabi/lib/thumb/v7-m/nofp/libc_nano.a(libc_a-memset.o)
 .ARM.attributes
                0x000000000000041c       0x2d /home/flashdato/.eclipse/com.st.stm32cube.ide.mcu.rcp.product_1.13.1_139062292_linux_gtk_x86_64/plugins/com.st.stm32cube.ide.mcu.externaltools.gnu-tools-for-stm32.11.3.rel1.linux64_1.1.1.202309131626/tools/bin/../lib/gcc/arm-none-eabi/11.3.1/../../../../arm-none-eabi/lib/thumb/v7-m/nofp/libc_nano.a(libc_a-strcat.o)
 .ARM.attributes
                0x0000000000000449       0x2d /home/flashdato/.eclipse/com.st.stm32cube.ide.mcu.rcp.product_1.13.1_139062292_linux_gtk_x86_64/plugins/com.st.stm32cube.ide.mcu.externaltools.gnu-tools-for-stm32.11.3.rel1.linux64_1.1.1.202309131626/tools/bin/../lib/gcc/arm-none-eabi/11.3.1/../../../../arm-none-eabi/lib/thumb/v7-m/nofp/libc_nano.a(libc_a-strncpy.o)
 .ARM.attributes
                0x0000000000000476       0x2d /home/flashdato/.eclipse/com.st.stm32cube.ide.mcu.rcp.product_1.13.1_139062292_linux_gtk_x86_64/plugins/com.st.stm32cube.ide.mcu.externaltools.gnu-tools-for-stm32.11.3.rel1.linux64_1.1.1.202309131626/tools/bin/../lib/gcc/arm-none-eabi/11.3.1/../../../../arm-none-eabi/lib/thumb/v7-m/nofp/libc_nano.a(libc_a-strstr.o)
 .ARM.attributes
                0x00000000000004a3       0x2d /home/flashdato/.eclipse/com.st.stm32cube.ide.mcu.rcp.product_1.13.1_139062292_linux_gtk_x86_64/plugins/com.st.stm32cube.ide.mcu.externaltools.gnu-tools-for-stm32.11.3.rel1.linux64_1.1.1.202309131626/tools/bin/../lib/gcc/arm-none-eabi/11.3.1/../../../../arm-none-eabi/lib/thumb/v7-m/nofp/libc_nano.a(libc_a-reent.o)
 .ARM.attributes
                0x00000000000004d0       0x2d /home/flashdato/.eclipse/com.st.stm32cube.ide.mcu.rcp.product_1.13.1_139062292_linux_gtk_x86_64/plugins/com.st.stm32cube.ide.mcu.externaltools.gnu-tools-for-stm32.11.3.rel1.linux64_1.1.1.202309131626/tools/bin/../lib/gcc/arm-none-eabi/11.3.1/../../../../arm-none-eabi/lib/thumb/v7-m/nofp/libc_nano.a(libc_a-impure.o)
 .ARM.attributes
                0x00000000000004fd       0x2d /home/flashdato/.eclipse/com.st.stm32cube.ide.mcu.rcp.product_1.13.1_139062292_linux_gtk_x86_64/plugins/com.st.stm32cube.ide.mcu.externaltools.gnu-tools-for-stm32.11.3.rel1.linux64_1.1.1.202309131626/tools/bin/../lib/gcc/arm-none-eabi/11.3.1/../../../../arm-none-eabi/lib/thumb/v7-m/nofp/libc_nano.a(libc_a-errno.o)
 .ARM.attributes
                0x000000000000052a       0x2d /home/flashdato/.eclipse/com.st.stm32cube.ide.mcu.rcp.product_1.13.1_139062292_linux_gtk_x86_64/plugins/com.st.stm32cube.ide.mcu.externaltools.gnu-tools-for-stm32.11.3.rel1.linux64_1.1.1.202309131626/tools/bin/../lib/gcc/arm-none-eabi/11.3.1/../../../../arm-none-eabi/lib/thumb/v7-m/nofp/libc_nano.a(libc_a-init.o)
 .ARM.attributes
                0x0000000000000557       0x2d /home/flashdato/.eclipse/com.st.stm32cube.ide.mcu.rcp.product_1.13.1_139062292_linux_gtk_x86_64/plugins/com.st.stm32cube.ide.mcu.externaltools.gnu-tools-for-stm32.11.3.rel1.linux64_1.1.1.202309131626/tools/bin/../lib/gcc/arm-none-eabi/11.3.1/../../../../arm-none-eabi/lib/thumb/v7-m/nofp/libc_nano.a(libc_a-lock.o)
 .ARM.attributes
                0x0000000000000584       0x2d /home/flashdato/.eclipse/com.st.stm32cube.ide.mcu.rcp.product_1.13.1_139062292_linux_gtk_x86_64/plugins/com.st.stm32cube.ide.mcu.externaltools.gnu-tools-for-stm32.11.3.rel1.linux64_1.1.1.202309131626/tools/bin/../lib/gcc/arm-none-eabi/11.3.1/../../../../arm-none-eabi/lib/thumb/v7-m/nofp/libc_nano.a(libc_a-strcpy.o)
 .ARM.attributes
                0x00000000000005b1       0x17 /home/flashdato/.eclipse/com.st.stm32cube.ide.mcu.rcp.product_1.13.1_139062292_linux_gtk_x86_64/plugins/com.st.stm32cube.ide.mcu.externaltools.gnu-tools-for-stm32.11.3.rel1.linux64_1.1.1.202309131626/tools/bin/../lib/gcc/arm-none-eabi/11.3.1/../../../../arm-none-eabi/lib/thumb/v7-m/nofp/libc_nano.a(libc_a-strlen.o)
 .ARM.attributes
                0x00000000000005c8       0x2d /home/flashdato/.eclipse/com.st.stm32cube.ide.mcu.rcp.product_1.13.1_139062292_linux_gtk_x86_64/plugins/com.st.stm32cube.ide.mcu.externaltools.gnu-tools-for-stm32.11.3.rel1.linux64_1.1.1.202309131626/tools/bin/../lib/gcc/arm-none-eabi/11.3.1/../../../../arm-none-eabi/lib/thumb/v7-m/nofp/libc_nano.a(libc_a-freer.o)
 .ARM.attributes
                0x00000000000005f5       0x2d /home/flashdato/.eclipse/com.st.stm32cube.ide.mcu.rcp.product_1.13.1_139062292_linux_gtk_x86_64/plugins/com.st.stm32cube.ide.mcu.externaltools.gnu-tools-for-stm32.11.3.rel1.linux64_1.1.1.202309131626/tools/bin/../lib/gcc/arm-none-eabi/11.3.1/../../../../arm-none-eabi/lib/thumb/v7-m/nofp/libc_nano.a(libc_a-mallocr.o)
 .ARM.attributes
                0x0000000000000622       0x2d /home/flashdato/.eclipse/com.st.stm32cube.ide.mcu.rcp.product_1.13.1_139062292_linux_gtk_x86_64/plugins/com.st.stm32cube.ide.mcu.externaltools.gnu-tools-for-stm32.11.3.rel1.linux64_1.1.1.202309131626/tools/bin/../lib/gcc/arm-none-eabi/11.3.1/../../../../arm-none-eabi/lib/thumb/v7-m/nofp/libc_nano.a(libc_a-mlock.o)
 .ARM.attributes
                0x000000000000064f       0x2d /home/flashdato/.eclipse/com.st.stm32cube.ide.mcu.rcp.product_1.13.1_139062292_linux_gtk_x86_64/plugins/com.st.stm32cube.ide.mcu.externaltools.gnu-tools-for-stm32.11.3.rel1.linux64_1.1.1.202309131626/tools/bin/../lib/gcc/arm-none-eabi/11.3.1/../../../../arm-none-eabi/lib/thumb/v7-m/nofp/libc_nano.a(libc_a-nano-svfprintf.o)
 .ARM.attributes
                0x000000000000067c       0x2d /home/flashdato/.eclipse/com.st.stm32cube.ide.mcu.rcp.product_1.13.1_139062292_linux_gtk_x86_64/plugins/com.st.stm32cube.ide.mcu.externaltools.gnu-tools-for-stm32.11.3.rel1.linux64_1.1.1.202309131626/tools/bin/../lib/gcc/arm-none-eabi/11.3.1/../../../../arm-none-eabi/lib/thumb/v7-m/nofp/libc_nano.a(libc_a-nano-vfprintf_i.o)
 .ARM.attributes
                0x00000000000006a9       0x2d /home/flashdato/.eclipse/com.st.stm32cube.ide.mcu.rcp.product_1.13.1_139062292_linux_gtk_x86_64/plugins/com.st.stm32cube.ide.mcu.externaltools.gnu-tools-for-stm32.11.3.rel1.linux64_1.1.1.202309131626/tools/bin/../lib/gcc/arm-none-eabi/11.3.1/../../../../arm-none-eabi/lib/thumb/v7-m/nofp/libc_nano.a(libc_a-memmove.o)
 .ARM.attributes
                0x00000000000006d6       0x2d /home/flashdato/.eclipse/com.st.stm32cube.ide.mcu.rcp.product_1.13.1_139062292_linux_gtk_x86_64/plugins/com.st.stm32cube.ide.mcu.externaltools.gnu-tools-for-stm32.11.3.rel1.linux64_1.1.1.202309131626/tools/bin/../lib/gcc/arm-none-eabi/11.3.1/../../../../arm-none-eabi/lib/thumb/v7-m/nofp/libc_nano.a(libc_a-sbrkr.o)
 .ARM.attributes
                0x0000000000000703       0x2d /home/flashdato/.eclipse/com.st.stm32cube.ide.mcu.rcp.product_1.13.1_139062292_linux_gtk_x86_64/plugins/com.st.stm32cube.ide.mcu.externaltools.gnu-tools-for-stm32.11.3.rel1.linux64_1.1.1.202309131626/tools/bin/../lib/gcc/arm-none-eabi/11.3.1/../../../../arm-none-eabi/lib/thumb/v7-m/nofp/libc_nano.a(libc_a-memchr-stub.o)
 .ARM.attributes
                0x0000000000000730       0x2d /home/flashdato/.eclipse/com.st.stm32cube.ide.mcu.rcp.product_1.13.1_139062292_linux_gtk_x86_64/plugins/com.st.stm32cube.ide.mcu.externaltools.gnu-tools-for-stm32.11.3.rel1.linux64_1.1.1.202309131626/tools/bin/../lib/gcc/arm-none-eabi/11.3.1/../../../../arm-none-eabi/lib/thumb/v7-m/nofp/libc_nano.a(libc_a-memcpy-stub.o)
 .ARM.attributes
                0x000000000000075d       0x2d /home/flashdato/.eclipse/com.st.stm32cube.ide.mcu.rcp.product_1.13.1_139062292_linux_gtk_x86_64/plugins/com.st.stm32cube.ide.mcu.externaltools.gnu-tools-for-stm32.11.3.rel1.linux64_1.1.1.202309131626/tools/bin/../lib/gcc/arm-none-eabi/11.3.1/../../../../arm-none-eabi/lib/thumb/v7-m/nofp/libc_nano.a(libc_a-reallocr.o)
 .ARM.attributes
                0x000000000000078a       0x2d /home/flashdato/.eclipse/com.st.stm32cube.ide.mcu.rcp.product_1.13.1_139062292_linux_gtk_x86_64/plugins/com.st.stm32cube.ide.mcu.externaltools.gnu-tools-for-stm32.11.3.rel1.linux64_1.1.1.202309131626/tools/bin/../lib/gcc/arm-none-eabi/11.3.1/../../../../arm-none-eabi/lib/thumb/v7-m/nofp/libc_nano.a(libc_a-msizer.o)
 .ARM.attributes
                0x00000000000007b7       0x1d /home/flashdato/.eclipse/com.st.stm32cube.ide.mcu.rcp.product_1.13.1_139062292_linux_gtk_x86_64/plugins/com.st.stm32cube.ide.mcu.externaltools.gnu-tools-for-stm32.11.3.rel1.linux64_1.1.1.202309131626/tools/bin/../lib/gcc/arm-none-eabi/11.3.1/thumb/v7-m/nofp/libgcc.a(_arm_addsubdf3.o)
 .ARM.attributes
                0x00000000000007d4       0x1d /home/flashdato/.eclipse/com.st.stm32cube.ide.mcu.rcp.product_1.13.1_139062292_linux_gtk_x86_64/plugins/com.st.stm32cube.ide.mcu.externaltools.gnu-tools-for-stm32.11.3.rel1.linux64_1.1.1.202309131626/tools/bin/../lib/gcc/arm-none-eabi/11.3.1/thumb/v7-m/nofp/libgcc.a(_arm_muldivdf3.o)
 .ARM.attributes
                0x00000000000007f1       0x1d /home/flashdato/.eclipse/com.st.stm32cube.ide.mcu.rcp.product_1.13.1_139062292_linux_gtk_x86_64/plugins/com.st.stm32cube.ide.mcu.externaltools.gnu-tools-for-stm32.11.3.rel1.linux64_1.1.1.202309131626/tools/bin/../lib/gcc/arm-none-eabi/11.3.1/thumb/v7-m/nofp/libgcc.a(_arm_cmpdf2.o)
 .ARM.attributes
                0x000000000000080e       0x1d /home/flashdato/.eclipse/com.st.stm32cube.ide.mcu.rcp.product_1.13.1_139062292_linux_gtk_x86_64/plugins/com.st.stm32cube.ide.mcu.externaltools.gnu-tools-for-stm32.11.3.rel1.linux64_1.1.1.202309131626/tools/bin/../lib/gcc/arm-none-eabi/11.3.1/thumb/v7-m/nofp/libgcc.a(_arm_fixdfsi.o)
 .ARM.attributes
                0x000000000000082b       0x1d /home/flashdato/.eclipse/com.st.stm32cube.ide.mcu.rcp.product_1.13.1_139062292_linux_gtk_x86_64/plugins/com.st.stm32cube.ide.mcu.externaltools.gnu-tools-for-stm32.11.3.rel1.linux64_1.1.1.202309131626/tools/bin/../lib/gcc/arm-none-eabi/11.3.1/thumb/v7-m/nofp/libgcc.a(_arm_truncdfsf2.o)
 .ARM.attributes
                0x0000000000000848       0x1d /home/flashdato/.eclipse/com.st.stm32cube.ide.mcu.rcp.product_1.13.1_139062292_linux_gtk_x86_64/plugins/com.st.stm32cube.ide.mcu.externaltools.gnu-tools-for-stm32.11.3.rel1.linux64_1.1.1.202309131626/tools/bin/../lib/gcc/arm-none-eabi/11.3.1/thumb/v7-m/nofp/libgcc.a(_arm_addsubsf3.o)
 .ARM.attributes
                0x0000000000000865       0x1d /home/flashdato/.eclipse/com.st.stm32cube.ide.mcu.rcp.product_1.13.1_139062292_linux_gtk_x86_64/plugins/com.st.stm32cube.ide.mcu.externaltools.gnu-tools-for-stm32.11.3.rel1.linux64_1.1.1.202309131626/tools/bin/../lib/gcc/arm-none-eabi/11.3.1/thumb/v7-m/nofp/libgcc.a(_arm_muldivsf3.o)
 .ARM.attributes
                0x0000000000000882       0x1d /home/flashdato/.eclipse/com.st.stm32cube.ide.mcu.rcp.product_1.13.1_139062292_linux_gtk_x86_64/plugins/com.st.stm32cube.ide.mcu.externaltools.gnu-tools-for-stm32.11.3.rel1.linux64_1.1.1.202309131626/tools/bin/../lib/gcc/arm-none-eabi/11.3.1/thumb/v7-m/nofp/libgcc.a(_arm_cmpsf2.o)
 .ARM.attributes
                0x000000000000089f       0x1d /home/flashdato/.eclipse/com.st.stm32cube.ide.mcu.rcp.product_1.13.1_139062292_linux_gtk_x86_64/plugins/com.st.stm32cube.ide.mcu.externaltools.gnu-tools-for-stm32.11.3.rel1.linux64_1.1.1.202309131626/tools/bin/../lib/gcc/arm-none-eabi/11.3.1/thumb/v7-m/nofp/libgcc.a(_arm_fixsfsi.o)
 .ARM.attributes
                0x00000000000008bc       0x1d /home/flashdato/.eclipse/com.st.stm32cube.ide.mcu.rcp.product_1.13.1_139062292_linux_gtk_x86_64/plugins/com.st.stm32cube.ide.mcu.externaltools.gnu-tools-for-stm32.11.3.rel1.linux64_1.1.1.202309131626/tools/bin/../lib/gcc/arm-none-eabi/11.3.1/thumb/v7-m/nofp/crtn.o
OUTPUT(Smart Flow 2.0 Sensor Module.elf elf32-littlearm)
LOAD linker stubs
LOAD /home/flashdato/.eclipse/com.st.stm32cube.ide.mcu.rcp.product_1.13.1_139062292_linux_gtk_x86_64/plugins/com.st.stm32cube.ide.mcu.externaltools.gnu-tools-for-stm32.11.3.rel1.linux64_1.1.1.202309131626/tools/bin/../lib/gcc/arm-none-eabi/11.3.1/../../../../arm-none-eabi/lib/thumb/v7-m/nofp/libc.a
LOAD /home/flashdato/.eclipse/com.st.stm32cube.ide.mcu.rcp.product_1.13.1_139062292_linux_gtk_x86_64/plugins/com.st.stm32cube.ide.mcu.externaltools.gnu-tools-for-stm32.11.3.rel1.linux64_1.1.1.202309131626/tools/bin/../lib/gcc/arm-none-eabi/11.3.1/../../../../arm-none-eabi/lib/thumb/v7-m/nofp/libm.a
LOAD /home/flashdato/.eclipse/com.st.stm32cube.ide.mcu.rcp.product_1.13.1_139062292_linux_gtk_x86_64/plugins/com.st.stm32cube.ide.mcu.externaltools.gnu-tools-for-stm32.11.3.rel1.linux64_1.1.1.202309131626/tools/bin/../lib/gcc/arm-none-eabi/11.3.1/thumb/v7-m/nofp/libgcc.a

.comment        0x0000000000000000       0x43
 .comment       0x0000000000000000       0x43 /home/flashdato/.eclipse/com.st.stm32cube.ide.mcu.rcp.product_1.13.1_139062292_linux_gtk_x86_64/plugins/com.st.stm32cube.ide.mcu.externaltools.gnu-tools-for-stm32.11.3.rel1.linux64_1.1.1.202309131626/tools/bin/../lib/gcc/arm-none-eabi/11.3.1/thumb/v7-m/nofp/crtbegin.o
                                         0x44 (size before relaxing)
 .comment       0x0000000000000043       0x44 ./Core/Src/main.o
 .comment       0x0000000000000043       0x44 ./Core/Src/stm32f1xx_hal_msp.o
 .comment       0x0000000000000043       0x44 ./Core/Src/stm32f1xx_it.o
 .comment       0x0000000000000043       0x44 ./Core/Src/sysmem.o
 .comment       0x0000000000000043       0x44 ./Core/Src/system_stm32f1xx.o
 .comment       0x0000000000000043       0x44 ./Drivers/STM32F1xx_HAL_Driver/Src/stm32f1xx_hal.o
 .comment       0x0000000000000043       0x44 ./Drivers/STM32F1xx_HAL_Driver/Src/stm32f1xx_hal_adc.o
 .comment       0x0000000000000043       0x44 ./Drivers/STM32F1xx_HAL_Driver/Src/stm32f1xx_hal_cortex.o
 .comment       0x0000000000000043       0x44 ./Drivers/STM32F1xx_HAL_Driver/Src/stm32f1xx_hal_dma.o
 .comment       0x0000000000000043       0x44 ./Drivers/STM32F1xx_HAL_Driver/Src/stm32f1xx_hal_gpio.o
 .comment       0x0000000000000043       0x44 ./Drivers/STM32F1xx_HAL_Driver/Src/stm32f1xx_hal_rcc.o
 .comment       0x0000000000000043       0x44 ./Drivers/STM32F1xx_HAL_Driver/Src/stm32f1xx_hal_rcc_ex.o
 .comment       0x0000000000000043       0x44 ./Drivers/STM32F1xx_HAL_Driver/Src/stm32f1xx_hal_tim.o
 .comment       0x0000000000000043       0x44 ./Drivers/STM32F1xx_HAL_Driver/Src/stm32f1xx_hal_tim_ex.o
 .comment       0x0000000000000043       0x44 ./Drivers/STM32F1xx_HAL_Driver/Src/stm32f1xx_hal_uart.o

.debug_info     0x0000000000000000     0xd7d9
 .debug_info    0x0000000000000000     0x174b ./Core/Src/main.o
 .debug_info    0x000000000000174b     0x100f ./Core/Src/stm32f1xx_hal_msp.o
 .debug_info    0x000000000000275a      0x967 ./Core/Src/stm32f1xx_it.o
 .debug_info    0x00000000000030c1      0x168 ./Core/Src/sysmem.o
 .debug_info    0x0000000000003229      0x222 ./Core/Src/system_stm32f1xx.o
 .debug_info    0x000000000000344b       0x23 ./Core/Startup/startup_stm32f103c8tx.o
 .debug_info    0x000000000000346e      0x704 ./Drivers/STM32F1xx_HAL_Driver/Src/stm32f1xx_hal.o
 .debug_info    0x0000000000003b72      0xc50 ./Drivers/STM32F1xx_HAL_Driver/Src/stm32f1xx_hal_adc.o
 .debug_info    0x00000000000047c2      0xa87 ./Drivers/STM32F1xx_HAL_Driver/Src/stm32f1xx_hal_cortex.o
 .debug_info    0x0000000000005249      0x6d2 ./Drivers/STM32F1xx_HAL_Driver/Src/stm32f1xx_hal_dma.o
 .debug_info    0x000000000000591b      0x5ab ./Drivers/STM32F1xx_HAL_Driver/Src/stm32f1xx_hal_gpio.o
 .debug_info    0x0000000000005ec6      0x7d5 ./Drivers/STM32F1xx_HAL_Driver/Src/stm32f1xx_hal_rcc.o
 .debug_info    0x000000000000669b      0x3c0 ./Drivers/STM32F1xx_HAL_Driver/Src/stm32f1xx_hal_rcc_ex.o
 .debug_info    0x0000000000006a5b     0x293b ./Drivers/STM32F1xx_HAL_Driver/Src/stm32f1xx_hal_tim.o
 .debug_info    0x0000000000009396     0x149b ./Drivers/STM32F1xx_HAL_Driver/Src/stm32f1xx_hal_tim_ex.o
 .debug_info    0x000000000000a831     0x2fa8 ./Drivers/STM32F1xx_HAL_Driver/Src/stm32f1xx_hal_uart.o

.debug_abbrev   0x0000000000000000     0x203d
 .debug_abbrev  0x0000000000000000      0x36d ./Core/Src/main.o
 .debug_abbrev  0x000000000000036d      0x209 ./Core/Src/stm32f1xx_hal_msp.o
 .debug_abbrev  0x0000000000000576      0x19b ./Core/Src/stm32f1xx_it.o
 .debug_abbrev  0x0000000000000711       0xbc ./Core/Src/sysmem.o
 .debug_abbrev  0x00000000000007cd      0x13f ./Core/Src/system_stm32f1xx.o
 .debug_abbrev  0x000000000000090c       0x12 ./Core/Startup/startup_stm32f103c8tx.o
 .debug_abbrev  0x000000000000091e      0x201 ./Drivers/STM32F1xx_HAL_Driver/Src/stm32f1xx_hal.o
 .debug_abbrev  0x0000000000000b1f      0x225 ./Drivers/STM32F1xx_HAL_Driver/Src/stm32f1xx_hal_adc.o
 .debug_abbrev  0x0000000000000d44      0x2f8 ./Drivers/STM32F1xx_HAL_Driver/Src/stm32f1xx_hal_cortex.o
 .debug_abbrev  0x000000000000103c      0x20b ./Drivers/STM32F1xx_HAL_Driver/Src/stm32f1xx_hal_dma.o
 .debug_abbrev  0x0000000000001247      0x1ca ./Drivers/STM32F1xx_HAL_Driver/Src/stm32f1xx_hal_gpio.o
 .debug_abbrev  0x0000000000001411      0x2b3 ./Drivers/STM32F1xx_HAL_Driver/Src/stm32f1xx_hal_rcc.o
 .debug_abbrev  0x00000000000016c4      0x188 ./Drivers/STM32F1xx_HAL_Driver/Src/stm32f1xx_hal_rcc_ex.o
 .debug_abbrev  0x000000000000184c      0x277 ./Drivers/STM32F1xx_HAL_Driver/Src/stm32f1xx_hal_tim.o
 .debug_abbrev  0x0000000000001ac3      0x282 ./Drivers/STM32F1xx_HAL_Driver/Src/stm32f1xx_hal_tim_ex.o
 .debug_abbrev  0x0000000000001d45      0x2f8 ./Drivers/STM32F1xx_HAL_Driver/Src/stm32f1xx_hal_uart.o

.debug_aranges  0x0000000000000000      0xd68
 .debug_aranges
                0x0000000000000000       0x88 ./Core/Src/main.o
 .debug_aranges
                0x0000000000000088       0x50 ./Core/Src/stm32f1xx_hal_msp.o
 .debug_aranges
                0x00000000000000d8       0x78 ./Core/Src/stm32f1xx_it.o
 .debug_aranges
                0x0000000000000150       0x20 ./Core/Src/sysmem.o
 .debug_aranges
                0x0000000000000170       0x28 ./Core/Src/system_stm32f1xx.o
 .debug_aranges
                0x0000000000000198       0x28 ./Core/Startup/startup_stm32f103c8tx.o
 .debug_aranges
                0x00000000000001c0       0xe0 ./Drivers/STM32F1xx_HAL_Driver/Src/stm32f1xx_hal.o
 .debug_aranges
                0x00000000000002a0       0xf0 ./Drivers/STM32F1xx_HAL_Driver/Src/stm32f1xx_hal_adc.o
 .debug_aranges
                0x0000000000000390      0x100 ./Drivers/STM32F1xx_HAL_Driver/Src/stm32f1xx_hal_cortex.o
 .debug_aranges
                0x0000000000000490       0x80 ./Drivers/STM32F1xx_HAL_Driver/Src/stm32f1xx_hal_dma.o
 .debug_aranges
                0x0000000000000510       0x58 ./Drivers/STM32F1xx_HAL_Driver/Src/stm32f1xx_hal_gpio.o
 .debug_aranges
                0x0000000000000568       0x90 ./Drivers/STM32F1xx_HAL_Driver/Src/stm32f1xx_hal_rcc.o
 .debug_aranges
                0x00000000000005f8       0x30 ./Drivers/STM32F1xx_HAL_Driver/Src/stm32f1xx_hal_rcc_ex.o
 .debug_aranges
                0x0000000000000628      0x3d0 ./Drivers/STM32F1xx_HAL_Driver/Src/stm32f1xx_hal_tim.o
 .debug_aranges
                0x00000000000009f8      0x168 ./Drivers/STM32F1xx_HAL_Driver/Src/stm32f1xx_hal_tim_ex.o
 .debug_aranges
                0x0000000000000b60      0x208 ./Drivers/STM32F1xx_HAL_Driver/Src/stm32f1xx_hal_uart.o

.debug_rnglists
                0x0000000000000000      0xa80
 .debug_rnglists
                0x0000000000000000       0x68 ./Core/Src/main.o
 .debug_rnglists
                0x0000000000000068       0x38 ./Core/Src/stm32f1xx_hal_msp.o
 .debug_rnglists
                0x00000000000000a0       0x55 ./Core/Src/stm32f1xx_it.o
 .debug_rnglists
                0x00000000000000f5       0x13 ./Core/Src/sysmem.o
 .debug_rnglists
                0x0000000000000108       0x1a ./Core/Src/system_stm32f1xx.o
 .debug_rnglists
                0x0000000000000122       0x19 ./Core/Startup/startup_stm32f103c8tx.o
 .debug_rnglists
                0x000000000000013b       0xa3 ./Drivers/STM32F1xx_HAL_Driver/Src/stm32f1xx_hal.o
 .debug_rnglists
                0x00000000000001de       0xbc ./Drivers/STM32F1xx_HAL_Driver/Src/stm32f1xx_hal_adc.o
 .debug_rnglists
                0x000000000000029a       0xbb ./Drivers/STM32F1xx_HAL_Driver/Src/stm32f1xx_hal_cortex.o
 .debug_rnglists
                0x0000000000000355       0x64 ./Drivers/STM32F1xx_HAL_Driver/Src/stm32f1xx_hal_dma.o
 .debug_rnglists
                0x00000000000003b9       0x3f ./Drivers/STM32F1xx_HAL_Driver/Src/stm32f1xx_hal_gpio.o
 .debug_rnglists
                0x00000000000003f8       0x6c ./Drivers/STM32F1xx_HAL_Driver/Src/stm32f1xx_hal_rcc.o
 .debug_rnglists
                0x0000000000000464       0x21 ./Drivers/STM32F1xx_HAL_Driver/Src/stm32f1xx_hal_rcc_ex.o
 .debug_rnglists
                0x0000000000000485      0x31a ./Drivers/STM32F1xx_HAL_Driver/Src/stm32f1xx_hal_tim.o
 .debug_rnglists
                0x000000000000079f      0x125 ./Drivers/STM32F1xx_HAL_Driver/Src/stm32f1xx_hal_tim_ex.o
 .debug_rnglists
                0x00000000000008c4      0x1bc ./Drivers/STM32F1xx_HAL_Driver/Src/stm32f1xx_hal_uart.o

.debug_macro    0x0000000000000000    0x1863f
 .debug_macro   0x0000000000000000      0x2df ./Core/Src/main.o
 .debug_macro   0x00000000000002df      0xa9c ./Core/Src/main.o
 .debug_macro   0x0000000000000d7b      0x221 ./Core/Src/main.o
 .debug_macro   0x0000000000000f9c       0x2e ./Core/Src/main.o
 .debug_macro   0x0000000000000fca       0x22 ./Core/Src/main.o
 .debug_macro   0x0000000000000fec       0x22 ./Core/Src/main.o
 .debug_macro   0x000000000000100e       0x8e ./Core/Src/main.o
 .debug_macro   0x000000000000109c       0x51 ./Core/Src/main.o
 .debug_macro   0x00000000000010ed      0x103 ./Core/Src/main.o
 .debug_macro   0x00000000000011f0       0x6a ./Core/Src/main.o
 .debug_macro   0x000000000000125a      0x1df ./Core/Src/main.o
 .debug_macro   0x0000000000001439       0x1c ./Core/Src/main.o
 .debug_macro   0x0000000000001455       0x22 ./Core/Src/main.o
 .debug_macro   0x0000000000001477       0xbd ./Core/Src/main.o
 .debug_macro   0x0000000000001534      0xd23 ./Core/Src/main.o
 .debug_macro   0x0000000000002257     0xe09e ./Core/Src/main.o
 .debug_macro   0x00000000000102f5       0x6d ./Core/Src/main.o
 .debug_macro   0x0000000000010362     0x348d ./Core/Src/main.o
 .debug_macro   0x00000000000137ef      0x174 ./Core/Src/main.o
 .debug_macro   0x0000000000013963       0x5c ./Core/Src/main.o
 .debug_macro   0x00000000000139bf      0x5bc ./Core/Src/main.o
 .debug_macro   0x0000000000013f7b      0x289 ./Core/Src/main.o
 .debug_macro   0x0000000000014204      0x1cb ./Core/Src/main.o
 .debug_macro   0x00000000000143cf      0x114 ./Core/Src/main.o
 .debug_macro   0x00000000000144e3      0x1b2 ./Core/Src/main.o
 .debug_macro   0x0000000000014695       0x27 ./Core/Src/main.o
 .debug_macro   0x00000000000146bc      0x136 ./Core/Src/main.o
 .debug_macro   0x00000000000147f2      0x1bc ./Core/Src/main.o
 .debug_macro   0x00000000000149ae       0x34 ./Core/Src/main.o
 .debug_macro   0x00000000000149e2       0x3c ./Core/Src/main.o
 .debug_macro   0x0000000000014a1e       0x57 ./Core/Src/main.o
 .debug_macro   0x0000000000014a75      0x46a ./Core/Src/main.o
 .debug_macro   0x0000000000014edf      0x1b5 ./Core/Src/main.o
 .debug_macro   0x0000000000015094       0x87 ./Core/Src/main.o
 .debug_macro   0x000000000001511b      0x240 ./Core/Src/main.o
 .debug_macro   0x000000000001535b      0x140 ./Core/Src/main.o
 .debug_macro   0x000000000001549b      0x8ed ./Core/Src/main.o
 .debug_macro   0x0000000000015d88      0x28e ./Core/Src/main.o
 .debug_macro   0x0000000000016016       0x83 ./Core/Src/main.o